Archive member included to satisfy reference by file (symbol)

.\CortexM3\ARM_GCC_541\Debug\PSoC_Dias_v1.a(DVDAC_1.o)
                              .\CortexM3\ARM_GCC_541\Debug\main.o (DVDAC_1_Start)
.\CortexM3\ARM_GCC_541\Debug\PSoC_Dias_v1.a(ADC_DelSig_1.o)
                              .\CortexM3\ARM_GCC_541\Debug\main.o (ADC_DelSig_1_Start)
.\CortexM3\ARM_GCC_541\Debug\PSoC_Dias_v1.a(ADC_DelSig_1_INT.o)
                              .\CortexM3\ARM_GCC_541\Debug\PSoC_Dias_v1.a(ADC_DelSig_1.o) (ADC_DelSig_1_ISR1)
.\CortexM3\ARM_GCC_541\Debug\PSoC_Dias_v1.a(VDAC8_1.o)
                              .\CortexM3\ARM_GCC_541\Debug\main.o (VDAC8_1_SetValue)
.\CortexM3\ARM_GCC_541\Debug\PSoC_Dias_v1.a(TIA_1.o)
                              .\CortexM3\ARM_GCC_541\Debug\main.o (TIA_1_SetResFB)
.\CortexM3\ARM_GCC_541\Debug\PSoC_Dias_v1.a(Opamp_1.o)
                              .\CortexM3\ARM_GCC_541\Debug\main.o (Opamp_1_Start)
.\CortexM3\ARM_GCC_541\Debug\PSoC_Dias_v1.a(DVDAC_1_DMA_dma.o)
                              .\CortexM3\ARM_GCC_541\Debug\PSoC_Dias_v1.a(DVDAC_1.o) (DVDAC_1_DMA_DmaInitialize)
.\CortexM3\ARM_GCC_541\Debug\PSoC_Dias_v1.a(DVDAC_1_VDAC8.o)
                              .\CortexM3\ARM_GCC_541\Debug\PSoC_Dias_v1.a(DVDAC_1.o) (DVDAC_1_VDAC8_Enable)
.\CortexM3\ARM_GCC_541\Debug\PSoC_Dias_v1.a(DVDAC_1_IntClock.o)
                              .\CortexM3\ARM_GCC_541\Debug\PSoC_Dias_v1.a(DVDAC_1.o) (DVDAC_1_IntClock_Start)
.\CortexM3\ARM_GCC_541\Debug\PSoC_Dias_v1.a(ADC_DelSig_1_Ext_CP_Clk.o)
                              .\CortexM3\ARM_GCC_541\Debug\PSoC_Dias_v1.a(ADC_DelSig_1.o) (ADC_DelSig_1_Ext_CP_Clk_SetModeRegister)
.\CortexM3\ARM_GCC_541\Debug\PSoC_Dias_v1.a(ADC_DelSig_1_theACLK.o)
                              .\CortexM3\ARM_GCC_541\Debug\PSoC_Dias_v1.a(ADC_DelSig_1.o) (ADC_DelSig_1_theACLK_SetModeRegister)
.\CortexM3\ARM_GCC_541\Debug\PSoC_Dias_v1.a(CyDmac.o)
                              .\CortexM3\ARM_GCC_541\Debug\Cm3Start.o (CyDmacConfigure)
.\CortexM3\ARM_GCC_541\Debug\PSoC_Dias_v1.a(CyLib.o)
                              .\CortexM3\ARM_GCC_541\Debug\Cm3Start.o (CyHalt)
.\CortexM3\ARM_GCC_541\Debug\PSoC_Dias_v1.a(cyPm.o)
                              .\CortexM3\ARM_GCC_541\Debug\PSoC_Dias_v1.a(CyLib.o) (CyPmReadStatus)
.\CortexM3\ARM_GCC_541\Debug\PSoC_Dias_v1.a(Timer_1.o)
                              .\CortexM3\ARM_GCC_541\Debug\main.o (Timer_1_Start)
.\CortexM3\ARM_GCC_541\Debug\PSoC_Dias_v1.a(UART.o)
                              .\CortexM3\ARM_GCC_541\Debug\main.o (UART_Start)
.\CortexM3\ARM_GCC_541\Debug\PSoC_Dias_v1.a(UART_IntClock.o)
                              .\CortexM3\ARM_GCC_541\Debug\PSoC_Dias_v1.a(UART.o) (UART_IntClock_Start)
.\CortexM3\ARM_GCC_541\Debug\PSoC_Dias_v1.a(isr_timer.o)
                              .\CortexM3\ARM_GCC_541\Debug\main.o (isr_timer_StartEx)
.\CortexM3\ARM_GCC_541\Debug\PSoC_Dias_v1.a(CyBootAsmGnu.o)
                              .\CortexM3\ARM_GCC_541\Debug\cyfitter_cfg.o (CyDelayCycles)
.\CortexM3\ARM_GCC_541\Debug\PSoC_Dias_v1.a(CyFlash.o)
                              .\CortexM3\ARM_GCC_541\Debug\PSoC_Dias_v1.a(cyPm.o) (CyFlash_SetWaitCycles)
.\CortexM3\ARM_GCC_541\Debug\PSoC_Dias_v1.a(CySpc.o)
                              .\CortexM3\ARM_GCC_541\Debug\PSoC_Dias_v1.a(CyFlash.o) (CySpcStart)
d:/cypress/psoc creator/4.4/psoc creator/import/gnu/arm/5.4.1/bin/../lib/gcc/arm-none-eabi/5.4.1/armv7-m\libgcc.a(_arm_addsubdf3.o)
                              .\CortexM3\ARM_GCC_541\Debug\PSoC_Dias_v1.a(ADC_DelSig_1.o) (__aeabi_f2d)
d:/cypress/psoc creator/4.4/psoc creator/import/gnu/arm/5.4.1/bin/../lib/gcc/arm-none-eabi/5.4.1/armv7-m\libgcc.a(_arm_cmpdf2.o)
                              .\CortexM3\ARM_GCC_541\Debug\PSoC_Dias_v1.a(ADC_DelSig_1.o) (__aeabi_dcmpgt)
d:/cypress/psoc creator/4.4/psoc creator/import/gnu/arm/5.4.1/bin/../lib/gcc/arm-none-eabi/5.4.1/armv7-m\libgcc.a(_arm_addsubsf3.o)
                              .\CortexM3\ARM_GCC_541\Debug\PSoC_Dias_v1.a(ADC_DelSig_1.o) (__aeabi_ui2f)
d:/cypress/psoc creator/4.4/psoc creator/import/gnu/arm/5.4.1/bin/../lib/gcc/arm-none-eabi/5.4.1/armv7-m\libgcc.a(_arm_muldivsf3.o)
                              .\CortexM3\ARM_GCC_541\Debug\PSoC_Dias_v1.a(ADC_DelSig_1.o) (__aeabi_fmul)
d:/cypress/psoc creator/4.4/psoc creator/import/gnu/arm/5.4.1/bin/../lib/gcc/arm-none-eabi/5.4.1/armv7-m\libgcc.a(_arm_fixunssfsi.o)
                              .\CortexM3\ARM_GCC_541\Debug\PSoC_Dias_v1.a(ADC_DelSig_1.o) (__aeabi_f2uiz)
d:/cypress/psoc creator/4.4/psoc creator/import/gnu/arm/5.4.1/bin/../lib/gcc/arm-none-eabi/5.4.1/../../../../arm-none-eabi/lib/armv7-m\libg_nano.a(lib_a-atol.o)
                              .\CortexM3\ARM_GCC_541\Debug\serial.o (atol)
d:/cypress/psoc creator/4.4/psoc creator/import/gnu/arm/5.4.1/bin/../lib/gcc/arm-none-eabi/5.4.1/../../../../arm-none-eabi/lib/armv7-m\libg_nano.a(lib_a-errno.o)
                              .\CortexM3\ARM_GCC_541\Debug\Cm3Start.o (__errno)
[...]
Memory Configuration

Name             Origin             Length             Attributes
rom              0x00000000         0x00040000         xr
ram              0x1fff8000         0x00010000         xrw
*default*        0x00000000         0xffffffff

Linker script and memory map

LOAD d:/cypress/psoc creator/4.4/psoc creator/import/gnu/arm/5.4.1/bin/../lib/gcc/arm-none-eabi/5.4.1/armv7-m/crti.o
LOAD d:/cypress/psoc creator/4.4/psoc creator/import/gnu/arm/5.4.1/bin/../lib/gcc/arm-none-eabi/5.4.1/armv7-m/crtbegin.o
LOAD d:/cypress/psoc creator/4.4/psoc creator/import/gnu/arm/5.4.1/bin/../lib/gcc/arm-none-eabi/5.4.1/../../../../arm-none-eabi/lib/armv7-m/crt0.o
START GROUP
LOAD .\CortexM3\ARM_GCC_541\Debug\main.o
LOAD .\CortexM3\ARM_GCC_541\Debug\serial.o
LOAD .\CortexM3\ARM_GCC_541\Debug\cyfitter_cfg.o
LOAD .\CortexM3\ARM_GCC_541\Debug\cymetadata.o
LOAD .\CortexM3\ARM_GCC_541\Debug\Cm3Start.o
LOAD .\CortexM3\ARM_GCC_541\Debug\PSoC_Dias_v1.a
LOAD D:\Cypress\PSoC Creator\4.4\PSoC Creator\psoc\content\cycomponentlibrary\CyComponentLibrary.cylib\CortexM3\ARM_GCC_541\Debug\CyComponentLibrary.a
END GROUP
START GROUP
LOAD d:/cypress/psoc creator/4.4/psoc creator/import/gnu/arm/5.4.1/bin/../lib/gcc/arm-none-eabi/5.4.1/armv7-m\libgcc.a
LOAD d:/cypress/psoc creator/4.4/psoc creator/import/gnu/arm/5.4.1/bin/../lib/gcc/arm-none-eabi/5.4.1/../../../../arm-none-eabi/lib/armv7-m\libg_nano.a
LOAD d:/cypress/psoc creator/4.4/psoc creator/import/gnu/arm/5.4.1/bin/../lib/gcc/arm-none-eabi/5.4.1/../../../../arm-none-eabi/lib/armv7-m\libc_nano.a
END GROUP
START GROUP
LOAD d:/cypress/psoc creator/4.4/psoc creator/import/gnu/arm/5.4.1/bin/../lib/gcc/arm-none-eabi/5.4.1/armv7-m\libgcc.a
LOAD d:/cypress/psoc creator/4.4/psoc creator/import/gnu/arm/5.4.1/bin/../lib/gcc/arm-none-eabi/5.4.1/../../../../arm-none-eabi/lib/armv7-m\libc_nano.a
END GROUP
LOAD d:/cypress/psoc creator/4.4/psoc creator/import/gnu/arm/5.4.1/bin/../lib/gcc/arm-none-eabi/5.4.1/armv7-m/crtend.o
LOAD d:/cypress/psoc creator/4.4/psoc creator/import/gnu/arm/5.4.1/bin/../lib/gcc/arm-none-eabi/5.4.1/armv7-m/crtn.o
START GROUP
LOAD d:/cypress/psoc creator/4.4/psoc creator/import/gnu/arm/5.4.1/bin/../lib/gcc/arm-none-eabi/5.4.1/armv7-m\libgcc.a
LOAD d:/cypress/psoc creator/4.4/psoc creator/import/gnu/arm/5.4.1/bin/../lib/gcc/arm-none-eabi/5.4.1/../../../../arm-none-eabi/lib/armv7-m\libc.a
LOAD d:/cypress/psoc creator/4.4/psoc creator/import/gnu/arm/5.4.1/bin/../lib/gcc/arm-none-eabi/5.4.1/../../../../arm-none-eabi/lib/armv7-m\libnosys.a
END GROUP
                0x00000000                CY_APPL_ORIGIN = 0x0
                0x00000100                CY_FLASH_ROW_SIZE = 0x100
                0x00000020                CY_ECC_ROW_SIZE = 0x20
                0x00000000                CY_EE_IN_BTLDR = 0x0
                0x00000000                CY_APPL_LOADABLE = 0x0
                0x00000800                CY_EE_SIZE = 0x800
                0x00000001                CY_APPL_NUM = 0x1
                0x00000001                CY_APPL_MAX = 0x1
                0x00000040                CY_METADATA_SIZE = 0x40
                0x00000000                CY_APPL_LOADABLE = 0x0
                0x00000000                CY_CHECKSUM_EXCLUDE_SIZE = ALIGN (0x0, CY_FLASH_ROW_SIZE)
                [!provide]                PROVIDE (__cy_heap_start, _end)
                0x00000001                PROVIDE (__cy_region_num, ((__cy_regions_end - __cy_regions) / 0x10))
                0x20008000                PROVIDE (__cy_stack, (ORIGIN (ram) + LENGTH (ram)))
                [!provide]                PROVIDE (__cy_heap_end, (__cy_stack - 0x800))

.cybootloader   0x00000000        0x0
 *(.cybootloader)
                0x00000000                appl1_start = CY_APPL_ORIGIN?CY_APPL_ORIGIN:ALIGN (CY_FLASH_ROW_SIZE)
                0x0001ff00                appl2_start = (appl1_start + ALIGN ((((LENGTH (rom) - appl1_start) - (0x2 * CY_FLASH_ROW_SIZE)) / 0x2), CY_FLASH_ROW_SIZE))
                0x00000000                appl_start = (CY_APPL_NUM == 0x1)?appl1_start:appl2_start
                0x00000000                ecc_offset = ((appl_start / CY_FLASH_ROW_SIZE) * CY_ECC_ROW_SIZE)
                0x00000000                ee_offset = (CY_APPL_LOADABLE && ! (CY_EE_IN_BTLDR))?((CY_EE_SIZE / CY_APPL_MAX) * (CY_APPL_NUM - 0x1)):0x0
                0x00000800                ee_size = (CY_APPL_LOADABLE && ! (CY_EE_IN_BTLDR))?(CY_EE_SIZE / CY_APPL_MAX):CY_EE_SIZE
                [!provide]                PROVIDE (CY_ECC_OFFSET, ecc_offset)

.text           0x00000000     0x28c6
 CREATE_OBJECT_SYMBOLS
                0x00000000                PROVIDE (__cy_interrupt_vector, RomVectors)
 *(.romvectors)
 .romvectors    0x00000000       0x10 .\CortexM3\ARM_GCC_541\Debug\Cm3Start.o
                0x00000000                RomVectors
                0x00000001                ASSERT ((. != __cy_interrupt_vector), No interrupt vector)
                0x00000001                ASSERT (CY_APPL_ORIGIN?(SIZEOF (.cybootloader) <= CY_APPL_ORIGIN):0x1, Wrong image location)
                0x00000010                PROVIDE (__cy_reset, Reset)
 *(.text.Reset)
 .text.Reset    0x00000010       0x18 .\CortexM3\ARM_GCC_541\Debug\Cm3Start.o
                0x00000010                Reset
                0x00000001                ASSERT ((. != __cy_reset), No reset code)
 *(.dma_init)
                0x00000001                ASSERT ((((appl_start + .) <= 0x10000) || 0x1), DMA Init must be within the first 64k of flash)
 *(.text .text.* .gnu.linkonce.t.*)
 .text          0x00000028       0x5c d:/cypress/psoc creator/4.4/psoc creator/import/gnu/arm/5.4.1/bin/../lib/gcc/arm-none-eabi/5.4.1/armv7-m/crtbegin.o
 .text.timerInterrupt
                0x00000084       0x18 .\CortexM3\ARM_GCC_541\Debug\main.o
                0x00000084                timerInterrupt
 .text.CV_config
                0x0000009c      0x120 .\CortexM3\ARM_GCC_541\Debug\main.o
                0x0000009c                CV_config
 .text.LSV_config
                0x000001bc      0x100 .\CortexM3\ARM_GCC_541\Debug\main.o
                0x000001bc                LSV_config
 .text.CA_config
                0x000002bc       0xb4 .\CortexM3\ARM_GCC_541\Debug\main.o
                0x000002bc                CA_config
 .text.CALI_config
                0x00000370       0x34 .\CortexM3\ARM_GCC_541\Debug\main.o
                0x00000370                CALI_config
 .text.RANGE_config
                0x000003a4       0xa4 .\CortexM3\ARM_GCC_541\Debug\main.o
                0x000003a4                RANGE_config
 .text.main     0x00000448      0x314 .\CortexM3\ARM_GCC_541\Debug\main.o
                0x00000448                main
 .text.serial_parseCommand
                0x0000075c       0x30 .\CortexM3\ARM_GCC_541\Debug\serial.o
                0x0000075c                serial_parseCommand
 .text.serial_parseLine
                0x0000078c       0x5c .\CortexM3\ARM_GCC_541\Debug\serial.o
                0x0000078c                serial_parseLine
 .text.serial_checkInput
                0x000007e8       0x68 .\CortexM3\ARM_GCC_541\Debug\serial.o
                0x000007e8                serial_checkInput
 .text.CyClockStartupError
                0x00000850        0x4 .\CortexM3\ARM_GCC_541\Debug\cyfitter_cfg.o
 .text.cfg_write_bytes32
                0x00000854       0x34 .\CortexM3\ARM_GCC_541\Debug\cyfitter_cfg.o
 .text.AnalogSetDefault
                0x00000888       0xa8 .\CortexM3\ARM_GCC_541\Debug\cyfitter_cfg.o
 .text.CYMEMZERO
                0x00000930        0xc .\CortexM3\ARM_GCC_541\Debug\cyfitter_cfg.o
 .text.CYCONFIGCPY
                0x0000093c        0x8 .\CortexM3\ARM_GCC_541\Debug\cyfitter_cfg.o
 .text.ClockSetup
                0x00000944      0x108 .\CortexM3\ARM_GCC_541\Debug\cyfitter_cfg.o
 .text.cyfitter_cfg
                0x00000a4c      0x138 .\CortexM3\ARM_GCC_541\Debug\cyfitter_cfg.o
                0x00000a4c                cyfitter_cfg
 .text.IntDefaultHandler
                0x00000b84       0x10 .\CortexM3\ARM_GCC_541\Debug\Cm3Start.o
                0x00000b84                IntDefaultHandler
 .text._sbrk    0x00000b94       0x30 .\CortexM3\ARM_GCC_541\Debug\Cm3Start.o
                0x00000b94                _sbrk
 .text.Start_c  0x00000bc4       0x4c .\CortexM3\ARM_GCC_541\Debug\Cm3Start.o
                0x00000bc4                Start_c
 .text.initialize_psoc
                0x00000c10       0x6c .\CortexM3\ARM_GCC_541\Debug\Cm3Start.o
                0x00000c10                initialize_psoc
 .text.DVDAC_1_InitDma
                0x00000c7c       0x4c .\CortexM3\ARM_GCC_541\Debug\PSoC_Dias_v1.a(DVDAC_1.o)
 .text.DVDAC_1_Init
                0x00000cc8       0x18 .\CortexM3\ARM_GCC_541\Debug\PSoC_Dias_v1.a(DVDAC_1.o)
                0x00000cc8                DVDAC_1_Init
 .text.DVDAC_1_Enable
                0x00000ce0       0x1c .\CortexM3\ARM_GCC_541\Debug\PSoC_Dias_v1.a(DVDAC_1.o)
                0x00000ce0                DVDAC_1_Enable
 .text.DVDAC_1_Start
                0x00000cfc       0x1c .\CortexM3\ARM_GCC_541\Debug\PSoC_Dias_v1.a(DVDAC_1.o)
                0x00000cfc                DVDAC_1_Start
 .text.DVDAC_1_SetValue
                0x00000d18       0x5c .\CortexM3\ARM_GCC_541\Debug\PSoC_Dias_v1.a(DVDAC_1.o)
                0x00000d18                DVDAC_1_SetValue
 .text.ADC_DelSig_1_GainCompensation
                0x00000d74       0xe0 .\CortexM3\ARM_GCC_541\Debug\PSoC_Dias_v1.a(ADC_DelSig_1.o)
 .text.ADC_DelSig_1_SetDSMRef0Reg
                0x00000e54       0x4c .\CortexM3\ARM_GCC_541\Debug\PSoC_Dias_v1.a(ADC_DelSig_1.o)
 .text.ADC_DelSig_1_InitConfig
                0x00000ea0      0x318 .\CortexM3\ARM_GCC_541\Debug\PSoC_Dias_v1.a(ADC_DelSig_1.o)
 .text.ADC_DelSig_1_Init
                0x000011b8      0x108 .\CortexM3\ARM_GCC_541\Debug\PSoC_Dias_v1.a(ADC_DelSig_1.o)
                0x000011b8                ADC_DelSig_1_Init
 .text.ADC_DelSig_1_Enable
                0x000012c0       0xd8 .\CortexM3\ARM_GCC_541\Debug\PSoC_Dias_v1.a(ADC_DelSig_1.o)
                0x000012c0                ADC_DelSig_1_Enable
 .text.ADC_DelSig_1_Start
                0x00001398       0x28 .\CortexM3\ARM_GCC_541\Debug\PSoC_Dias_v1.a(ADC_DelSig_1.o)
                0x00001398                ADC_DelSig_1_Start
 .text.ADC_DelSig_1_StartConvert
                0x000013c0       0x10 .\CortexM3\ARM_GCC_541\Debug\PSoC_Dias_v1.a(ADC_DelSig_1.o)
                0x000013c0                ADC_DelSig_1_StartConvert
 .text.ADC_DelSig_1_GetResult16
                0x000013d0       0x50 .\CortexM3\ARM_GCC_541\Debug\PSoC_Dias_v1.a(ADC_DelSig_1.o)
                0x000013d0                ADC_DelSig_1_GetResult16
 .text.ADC_DelSig_1_CountsTo_uVolts
                0x00001420       0x4c .\CortexM3\ARM_GCC_541\Debug\PSoC_Dias_v1.a(ADC_DelSig_1.o)
                0x00001420                ADC_DelSig_1_CountsTo_uVolts
 .text.ADC_DelSig_1_ISR1
                0x0000146c        0x4 .\CortexM3\ARM_GCC_541\Debug\PSoC_Dias_v1.a(ADC_DelSig_1_INT.o)
                0x0000146c                ADC_DelSig_1_ISR1
 .text.ADC_DelSig_1_ISR2
                0x00001470        0x4 .\CortexM3\ARM_GCC_541\Debug\PSoC_Dias_v1.a(ADC_DelSig_1_INT.o)
                0x00001470                ADC_DelSig_1_ISR2
 .text.ADC_DelSig_1_ISR3
                0x00001474        0x4 .\CortexM3\ARM_GCC_541\Debug\PSoC_Dias_v1.a(ADC_DelSig_1_INT.o)
                0x00001474                ADC_DelSig_1_ISR3
 .text.ADC_DelSig_1_ISR4
                0x00001478        0x4 .\CortexM3\ARM_GCC_541\Debug\PSoC_Dias_v1.a(ADC_DelSig_1_INT.o)
                0x00001478                ADC_DelSig_1_ISR4
 .text.VDAC8_1_Enable
                0x0000147c       0x1c .\CortexM3\ARM_GCC_541\Debug\PSoC_Dias_v1.a(VDAC8_1.o)
                0x0000147c                VDAC8_1_Enable
 .text.VDAC8_1_SetSpeed
                0x00001498       0x1c .\CortexM3\ARM_GCC_541\Debug\PSoC_Dias_v1.a(VDAC8_1.o)
                0x00001498                VDAC8_1_SetSpeed
 .text.VDAC8_1_SetValue
                0x000014b4        0xc .\CortexM3\ARM_GCC_541\Debug\PSoC_Dias_v1.a(VDAC8_1.o)
                0x000014b4                VDAC8_1_SetValue
 .text.VDAC8_1_DacTrim
                0x000014c0       0x24 .\CortexM3\ARM_GCC_541\Debug\PSoC_Dias_v1.a(VDAC8_1.o)
                0x000014c0                VDAC8_1_DacTrim
 .text.VDAC8_1_SetRange
                0x000014e4       0x20 .\CortexM3\ARM_GCC_541\Debug\PSoC_Dias_v1.a(VDAC8_1.o)
                0x000014e4                VDAC8_1_SetRange
 .text.VDAC8_1_Init
                0x00001504       0x20 .\CortexM3\ARM_GCC_541\Debug\PSoC_Dias_v1.a(VDAC8_1.o)
                0x00001504                VDAC8_1_Init
 .text.VDAC8_1_Start
                0x00001524       0x24 .\CortexM3\ARM_GCC_541\Debug\PSoC_Dias_v1.a(VDAC8_1.o)
                0x00001524                VDAC8_1_Start
 .text.TIA_1_Enable
                0x00001548       0x28 .\CortexM3\ARM_GCC_541\Debug\PSoC_Dias_v1.a(TIA_1.o)
                0x00001548                TIA_1_Enable
 .text.TIA_1_SetPower
                0x00001570       0x18 .\CortexM3\ARM_GCC_541\Debug\PSoC_Dias_v1.a(TIA_1.o)
                0x00001570                TIA_1_SetPower
 .text.TIA_1_SetResFB
                0x00001588       0x20 .\CortexM3\ARM_GCC_541\Debug\PSoC_Dias_v1.a(TIA_1.o)
                0x00001588                TIA_1_SetResFB
 .text.TIA_1_SetCapFB
                0x000015a8       0x20 .\CortexM3\ARM_GCC_541\Debug\PSoC_Dias_v1.a(TIA_1.o)
                0x000015a8                TIA_1_SetCapFB
 .text.TIA_1_Init
                0x000015c8       0x2c .\CortexM3\ARM_GCC_541\Debug\PSoC_Dias_v1.a(TIA_1.o)
                0x000015c8                TIA_1_Init
 .text.TIA_1_Start
                0x000015f4       0x1c .\CortexM3\ARM_GCC_541\Debug\PSoC_Dias_v1.a(TIA_1.o)
                0x000015f4                TIA_1_Start
 .text.Opamp_1_Enable
                0x00001610       0x28 .\CortexM3\ARM_GCC_541\Debug\PSoC_Dias_v1.a(Opamp_1.o)
                0x00001610                Opamp_1_Enable
 .text.Opamp_1_SetPower
                0x00001638       0x1c .\CortexM3\ARM_GCC_541\Debug\PSoC_Dias_v1.a(Opamp_1.o)
                0x00001638                Opamp_1_SetPower
 .text.Opamp_1_Init
                0x00001654        0xc .\CortexM3\ARM_GCC_541\Debug\PSoC_Dias_v1.a(Opamp_1.o)
                0x00001654                Opamp_1_Init
 .text.Opamp_1_Start
                0x00001660       0x1c .\CortexM3\ARM_GCC_541\Debug\PSoC_Dias_v1.a(Opamp_1.o)
                0x00001660                Opamp_1_Start
 .text.DVDAC_1_DMA_DmaInitialize
                0x0000167c       0x3c .\CortexM3\ARM_GCC_541\Debug\PSoC_Dias_v1.a(DVDAC_1_DMA_dma.o)
                0x0000167c                DVDAC_1_DMA_DmaInitialize
 .text.DVDAC_1_VDAC8_Enable
                0x000016b8       0x1c .\CortexM3\ARM_GCC_541\Debug\PSoC_Dias_v1.a(DVDAC_1_VDAC8.o)
                0x000016b8                DVDAC_1_VDAC8_Enable
 .text.DVDAC_1_VDAC8_SetSpeed
                0x000016d4       0x1c .\CortexM3\ARM_GCC_541\Debug\PSoC_Dias_v1.a(DVDAC_1_VDAC8.o)
                0x000016d4                DVDAC_1_VDAC8_SetSpeed
 .text.DVDAC_1_VDAC8_DacTrim
                0x000016f0       0x24 .\CortexM3\ARM_GCC_541\Debug\PSoC_Dias_v1.a(DVDAC_1_VDAC8.o)
                0x000016f0                DVDAC_1_VDAC8_DacTrim
 .text.DVDAC_1_VDAC8_SetRange
                0x00001714       0x20 .\CortexM3\ARM_GCC_541\Debug\PSoC_Dias_v1.a(DVDAC_1_VDAC8.o)
                0x00001714                DVDAC_1_VDAC8_SetRange
 .text.DVDAC_1_VDAC8_Init
                0x00001734       0x2c .\CortexM3\ARM_GCC_541\Debug\PSoC_Dias_v1.a(DVDAC_1_VDAC8.o)
                0x00001734                DVDAC_1_VDAC8_Init
 .text.DVDAC_1_IntClock_Start
                0x00001760       0x1c .\CortexM3\ARM_GCC_541\Debug\PSoC_Dias_v1.a(DVDAC_1_IntClock.o)
                0x00001760                DVDAC_1_IntClock_Start
 .text.ADC_DelSig_1_Ext_CP_Clk_GetDividerRegister
                0x0000177c        0xc .\CortexM3\ARM_GCC_541\Debug\PSoC_Dias_v1.a(ADC_DelSig_1_Ext_CP_Clk.o)
                0x0000177c                ADC_DelSig_1_Ext_CP_Clk_GetDividerRegister
 .text.ADC_DelSig_1_Ext_CP_Clk_SetModeRegister
                0x00001788       0x14 .\CortexM3\ARM_GCC_541\Debug\PSoC_Dias_v1.a(ADC_DelSig_1_Ext_CP_Clk.o)
                0x00001788                ADC_DelSig_1_Ext_CP_Clk_SetModeRegister
 .text.ADC_DelSig_1_Ext_CP_Clk_GetSourceRegister
                0x0000179c       0x10 .\CortexM3\ARM_GCC_541\Debug\PSoC_Dias_v1.a(ADC_DelSig_1_Ext_CP_Clk.o)
                0x0000179c                ADC_DelSig_1_Ext_CP_Clk_GetSourceRegister
 .text.ADC_DelSig_1_Ext_CP_Clk_SetDividerRegister
                0x000017ac       0xd8 .\CortexM3\ARM_GCC_541\Debug\PSoC_Dias_v1.a(ADC_DelSig_1_Ext_CP_Clk.o)
                0x000017ac                ADC_DelSig_1_Ext_CP_Clk_SetDividerRegister
 .text.ADC_DelSig_1_theACLK_GetDividerRegister
                0x00001884        0xc .\CortexM3\ARM_GCC_541\Debug\PSoC_Dias_v1.a(ADC_DelSig_1_theACLK.o)
                0x00001884                ADC_DelSig_1_theACLK_GetDividerRegister
 .text.ADC_DelSig_1_theACLK_SetModeRegister
                0x00001890       0x14 .\CortexM3\ARM_GCC_541\Debug\PSoC_Dias_v1.a(ADC_DelSig_1_theACLK.o)
                0x00001890                ADC_DelSig_1_theACLK_SetModeRegister
 .text.ADC_DelSig_1_theACLK_GetSourceRegister
                0x000018a4       0x10 .\CortexM3\ARM_GCC_541\Debug\PSoC_Dias_v1.a(ADC_DelSig_1_theACLK.o)
                0x000018a4                ADC_DelSig_1_theACLK_GetSourceRegister
 .text.ADC_DelSig_1_theACLK_SetDividerRegister
                0x000018b4       0xd8 .\CortexM3\ARM_GCC_541\Debug\PSoC_Dias_v1.a(ADC_DelSig_1_theACLK.o)
                0x000018b4                ADC_DelSig_1_theACLK_SetDividerRegister
 .text.CyDmacConfigure
                0x0000198c       0x34 .\CortexM3\ARM_GCC_541\Debug\PSoC_Dias_v1.a(CyDmac.o)
                0x0000198c                CyDmacConfigure
 .text.CyDmaChEnable
                0x000019c0       0x38 .\CortexM3\ARM_GCC_541\Debug\PSoC_Dias_v1.a(CyDmac.o)
                0x000019c0                CyDmaChEnable
 .text.CyDmaChPriority
                0x000019f8       0x24 .\CortexM3\ARM_GCC_541\Debug\PSoC_Dias_v1.a(CyDmac.o)
                0x000019f8                CyDmaChPriority
 .text.CyDmaChSetExtendedAddress
                0x00001a1c       0x34 .\CortexM3\ARM_GCC_541\Debug\PSoC_Dias_v1.a(CyDmac.o)
                0x00001a1c                CyDmaChSetExtendedAddress
 .text.CyDmaChSetInitialTd
                0x00001a50       0x18 .\CortexM3\ARM_GCC_541\Debug\PSoC_Dias_v1.a(CyDmac.o)
                0x00001a50                CyDmaChSetInitialTd
 .text.CyDmaChSetConfiguration
                0x00001a68       0x44 .\CortexM3\ARM_GCC_541\Debug\PSoC_Dias_v1.a(CyDmac.o)
                0x00001a68                CyDmaChSetConfiguration
 .text.CyDmaTdAllocate
                0x00001aac       0x34 .\CortexM3\ARM_GCC_541\Debug\PSoC_Dias_v1.a(CyDmac.o)
                0x00001aac                CyDmaTdAllocate
 .text.CyDmaTdSetConfiguration
                0x00001ae0       0x28 .\CortexM3\ARM_GCC_541\Debug\PSoC_Dias_v1.a(CyDmac.o)
                0x00001ae0                CyDmaTdSetConfiguration
 .text.CyDmaTdSetAddress
                0x00001b08       0x1c .\CortexM3\ARM_GCC_541\Debug\PSoC_Dias_v1.a(CyDmac.o)
                0x00001b08                CyDmaTdSetAddress
 .text.CyHalt   0x00001b24        0x4 .\CortexM3\ARM_GCC_541\Debug\PSoC_Dias_v1.a(CyLib.o)
                0x00001b24                CyHalt
 .text.CyDelayUs
                0x00001b28       0x14 .\CortexM3\ARM_GCC_541\Debug\PSoC_Dias_v1.a(CyLib.o)
                0x00001b28                CyDelayUs
 .text.CyIntSetVector
                0x00001b3c       0x28 .\CortexM3\ARM_GCC_541\Debug\PSoC_Dias_v1.a(CyLib.o)
                0x00001b3c                CyIntSetVector
 .text.CyIntSetPriority
                0x00001b64       0x30 .\CortexM3\ARM_GCC_541\Debug\PSoC_Dias_v1.a(CyLib.o)
                0x00001b64                CyIntSetPriority
 .text.Timer_1_Enable
                0x00001b94       0x28 .\CortexM3\ARM_GCC_541\Debug\PSoC_Dias_v1.a(Timer_1.o)
                0x00001b94                Timer_1_Enable
 .text.Timer_1_SetInterruptMode
                0x00001bbc        0xc .\CortexM3\ARM_GCC_541\Debug\PSoC_Dias_v1.a(Timer_1.o)
                0x00001bbc                Timer_1_SetInterruptMode
 .text.Timer_1_WritePeriod
                0x00001bc8        0xc .\CortexM3\ARM_GCC_541\Debug\PSoC_Dias_v1.a(Timer_1.o)
                0x00001bc8                Timer_1_WritePeriod
 .text.Timer_1_WriteCounter
                0x00001bd4        0xc .\CortexM3\ARM_GCC_541\Debug\PSoC_Dias_v1.a(Timer_1.o)
                0x00001bd4                Timer_1_WriteCounter
 .text.Timer_1_Init
                0x00001be0       0x64 .\CortexM3\ARM_GCC_541\Debug\PSoC_Dias_v1.a(Timer_1.o)
                0x00001be0                Timer_1_Init
 .text.Timer_1_Start
                0x00001c44       0x1c .\CortexM3\ARM_GCC_541\Debug\PSoC_Dias_v1.a(Timer_1.o)
                0x00001c44                Timer_1_Start
 .text.UART_Init
                0x00001c60       0x24 .\CortexM3\ARM_GCC_541\Debug\PSoC_Dias_v1.a(UART.o)
                0x00001c60                UART_Init
 .text.UART_Enable
                0x00001c84       0x38 .\CortexM3\ARM_GCC_541\Debug\PSoC_Dias_v1.a(UART.o)
                0x00001c84                UART_Enable
 .text.UART_Start
                0x00001cbc       0x1c .\CortexM3\ARM_GCC_541\Debug\PSoC_Dias_v1.a(UART.o)
                0x00001cbc                UART_Start
 .text.UART_ReadRxData
                0x00001cd8        0xc .\CortexM3\ARM_GCC_541\Debug\PSoC_Dias_v1.a(UART.o)
                0x00001cd8                UART_ReadRxData
 .text.UART_ReadRxStatus
                0x00001ce4       0x10 .\CortexM3\ARM_GCC_541\Debug\PSoC_Dias_v1.a(UART.o)
                0x00001ce4                UART_ReadRxStatus
 .text.UART_GetByte
                0x00001cf4       0x14 .\CortexM3\ARM_GCC_541\Debug\PSoC_Dias_v1.a(UART.o)
                0x00001cf4                UART_GetByte
 .text.UART_GetRxBufferSize
                0x00001d08       0x18 .\CortexM3\ARM_GCC_541\Debug\PSoC_Dias_v1.a(UART.o)
                0x00001d08                UART_GetRxBufferSize
 .text.UART_PutChar
                0x00001d20       0x18 .\CortexM3\ARM_GCC_541\Debug\PSoC_Dias_v1.a(UART.o)
                0x00001d20                UART_PutChar
 .text.UART_PutString
                0x00001d38       0x24 .\CortexM3\ARM_GCC_541\Debug\PSoC_Dias_v1.a(UART.o)
                0x00001d38                UART_PutString
 .text.UART_IntClock_Start
                0x00001d5c       0x1c .\CortexM3\ARM_GCC_541\Debug\PSoC_Dias_v1.a(UART_IntClock.o)
                0x00001d5c                UART_IntClock_Start
 .text.isr_timer_SetVector
                0x00001d78       0x10 .\CortexM3\ARM_GCC_541\Debug\PSoC_Dias_v1.a(isr_timer.o)
                0x00001d78                isr_timer_SetVector
 .text.isr_timer_SetPriority
                0x00001d88       0x10 .\CortexM3\ARM_GCC_541\Debug\PSoC_Dias_v1.a(isr_timer.o)
                0x00001d88                isr_timer_SetPriority
 .text.isr_timer_Enable
                0x00001d98       0x10 .\CortexM3\ARM_GCC_541\Debug\PSoC_Dias_v1.a(isr_timer.o)
                0x00001d98                isr_timer_Enable
 .text.isr_timer_Disable
                0x00001da8       0x10 .\CortexM3\ARM_GCC_541\Debug\PSoC_Dias_v1.a(isr_timer.o)
                0x00001da8                isr_timer_Disable
 .text.isr_timer_StartEx
                0x00001db8       0x1c .\CortexM3\ARM_GCC_541\Debug\PSoC_Dias_v1.a(isr_timer.o)
                0x00001db8                isr_timer_StartEx
 *fill*         0x00001dd4        0x4 
 .text          0x00001dd8       0x20 .\CortexM3\ARM_GCC_541\Debug\PSoC_Dias_v1.a(CyBootAsmGnu.o)
                0x00001dd8                CyDelayCycles
                0x00001de8                CyEnterCriticalSection
                0x00001df0                CyExitCriticalSection
 .text.atol     0x00001df8        0x8 d:/cypress/psoc creator/4.4/psoc creator/import/gnu/arm/5.4.1/bin/../lib/gcc/arm-none-eabi/5.4.1/../../../../arm-none-eabi/lib/armv7-m\libg_nano.a(lib_a-atol.o)
                0x00001df8                atol
 .text.__errno  0x00001e00        0xc d:/cypress/psoc creator/4.4/psoc creator/import/gnu/arm/5.4.1/bin/../lib/gcc/arm-none-eabi/5.4.1/../../../../arm-none-eabi/lib/armv7-m\libg_nano.a(lib_a-errno.o)
                0x00001e00                __errno
 .text.__libc_init_array
                0x00001e0c       0x4c d:/cypress/psoc creator/4.4/psoc creator/import/gnu/arm/5.4.1/bin/../lib/gcc/arm-none-eabi/5.4.1/../../../../arm-none-eabi/lib/armv7-m\libg_nano.a(lib_a-init.o)
                0x00001e0c                __libc_init_array
 .text.memcpy   0x00001e58       0x16 d:/cypress/psoc creator/4.4/psoc creator/import/gnu/arm/5.4.1/bin/../lib/gcc/arm-none-eabi/5.4.1/../../../../arm-none-eabi/lib/armv7-m\libg_nano.a(lib_a-memcpy-stub.o)
                0x00001e58                memcpy
 .text.memset   0x00001e6e       0x10 d:/cypress/psoc creator/4.4/psoc creator/import/gnu/arm/5.4.1/bin/../lib/gcc/arm-none-eabi/5.4.1/../../../../arm-none-eabi/lib/armv7-m\libg_nano.a(lib_a-memset.o)
                0x00001e6e                memset
 *fill*         0x00001e7e        0x2 
 .text.sprintf  0x00001e80       0x48 d:/cypress/psoc creator/4.4/psoc creator/import/gnu/arm/5.4.1/bin/../lib/gcc/arm-none-eabi/5.4.1/../../../../arm-none-eabi/lib/armv7-m\libg_nano.a(lib_a-sprintf.o)
                0x00001e80                siprintf
                0x00001e80                sprintf
 .text          0x00001ec8       0x14 d:/cypress/psoc creator/4.4/psoc creator/import/gnu/arm/5.4.1/bin/../lib/gcc/arm-none-eabi/5.4.1/../../../../arm-none-eabi/lib/armv7-m\libg_nano.a(lib_a-strcmp.o)
                0x00001ec8                strcmp
 .text.strtok   0x00001edc       0x64 d:/cypress/psoc creator/4.4/psoc creator/import/gnu/arm/5.4.1/bin/../lib/gcc/arm-none-eabi/5.4.1/../../../../arm-none-eabi/lib/armv7-m\libg_nano.a(lib_a-strtok.o)
                0x00001edc                strtok
 .text.__strtok_r
                0x00001f40       0x56 d:/cypress/psoc creator/4.4/psoc creator/import/gnu/arm/5.4.1/bin/../lib/gcc/arm-none-eabi/5.4.1/../../../../arm-none-eabi/lib/armv7-m\libg_nano.a(lib_a-strtok_r.o)
                0x00001f40                __strtok_r
 *fill*         0x00001f96        0x2 
 .text._strtol_r
                0x00001f98      0x10c d:/cypress/psoc creator/4.4/psoc creator/import/gnu/arm/5.4.1/bin/../lib/gcc/arm-none-eabi/5.4.1/../../../../arm-none-eabi/lib/armv7-m\libg_nano.a(lib_a-strtol.o)
                0x00001f98                _strtol_r
 .text.strtol   0x000020a4       0x14 d:/cypress/psoc creator/4.4/psoc creator/import/gnu/arm/5.4.1/bin/../lib/gcc/arm-none-eabi/5.4.1/../../../../arm-none-eabi/lib/armv7-m\libg_nano.a(lib_a-strtol.o)
                0x000020a4                strtol
 .text.malloc   0x000020b8       0x10 d:/cypress/psoc creator/4.4/psoc creator/import/gnu/arm/5.4.1/bin/../lib/gcc/arm-none-eabi/5.4.1/../../../../arm-none-eabi/lib/armv7-m\libg_nano.a(lib_a-malloc.o)
                0x000020b8                malloc
 .text._free_r  0x000020c8       0x98 d:/cypress/psoc creator/4.4/psoc creator/import/gnu/arm/5.4.1/bin/../lib/gcc/arm-none-eabi/5.4.1/../../../../arm-none-eabi/lib/armv7-m\libg_nano.a(lib_a-nano-freer.o)
                0x000020c8                _free_r
 .text._malloc_r
                0x00002160       0xbc d:/cypress/psoc creator/4.4/psoc creator/import/gnu/arm/5.4.1/bin/../lib/gcc/arm-none-eabi/5.4.1/../../../../arm-none-eabi/lib/armv7-m\libg_nano.a(lib_a-nano-mallocr.o)
                0x00002160                _malloc_r
 .text.__ssputs_r
                0x0000221c       0xb2 d:/cypress/psoc creator/4.4/psoc creator/import/gnu/arm/5.4.1/bin/../lib/gcc/arm-none-eabi/5.4.1/../../../../arm-none-eabi/lib/armv7-m\libg_nano.a(lib_a-nano-svfprintf.o)
                0x0000221c                __ssputs_r
 *fill*         0x000022ce        0x2 
 .text._svfprintf_r
                0x000022d0      0x1e8 d:/cypress/psoc creator/4.4/psoc creator/import/gnu/arm/5.4.1/bin/../lib/gcc/arm-none-eabi/5.4.1/../../../../arm-none-eabi/lib/armv7-m\libg_nano.a(lib_a-nano-svfprintf.o)
                0x000022d0                _svfiprintf_r
                0x000022d0                _svfprintf_r
 .text._printf_common
                0x000024b8       0xec d:/cypress/psoc creator/4.4/psoc creator/import/gnu/arm/5.4.1/bin/../lib/gcc/arm-none-eabi/5.4.1/../../../../arm-none-eabi/lib/armv7-m\libg_nano.a(lib_a-nano-vfprintf_i.o)
                0x000024b8                _printf_common
 .text._printf_i
                0x000025a4      0x24c d:/cypress/psoc creator/4.4/psoc creator/import/gnu/arm/5.4.1/bin/../lib/gcc/arm-none-eabi/5.4.1/../../../../arm-none-eabi/lib/armv7-m\libg_nano.a(lib_a-nano-vfprintf_i.o)
                0x000025a4                _printf_i
 .text._sbrk_r  0x000027f0       0x20 d:/cypress/psoc creator/4.4/psoc creator/import/gnu/arm/5.4.1/bin/../lib/gcc/arm-none-eabi/5.4.1/../../../../arm-none-eabi/lib/armv7-m\libg_nano.a(lib_a-sbrkr.o)
                0x000027f0                _sbrk_r
 .text.memchr   0x00002810       0x1c d:/cypress/psoc creator/4.4/psoc creator/import/gnu/arm/5.4.1/bin/../lib/gcc/arm-none-eabi/5.4.1/../../../../arm-none-eabi/lib/armv7-m\libg_nano.a(lib_a-memchr-stub.o)
                0x00002810                memchr
 .text.memmove  0x0000282c       0x36 d:/cypress/psoc creator/4.4/psoc creator/import/gnu/arm/5.4.1/bin/../lib/gcc/arm-none-eabi/5.4.1/../../../../arm-none-eabi/lib/armv7-m\libg_nano.a(lib_a-memmove.o)
                0x0000282c                memmove
 .text.__malloc_lock
                0x00002862        0x2 d:/cypress/psoc creator/4.4/psoc creator/import/gnu/arm/5.4.1/bin/../lib/gcc/arm-none-eabi/5.4.1/../../../../arm-none-eabi/lib/armv7-m\libg_nano.a(lib_a-mlock.o)
                0x00002862                __malloc_lock
 .text.__malloc_unlock
                0x00002864        0x2 d:/cypress/psoc creator/4.4/psoc creator/import/gnu/arm/5.4.1/bin/../lib/gcc/arm-none-eabi/5.4.1/../../../../arm-none-eabi/lib/armv7-m\libg_nano.a(lib_a-mlock.o)
                0x00002864                __malloc_unlock
 .text._realloc_r
                0x00002866       0x4c d:/cypress/psoc creator/4.4/psoc creator/import/gnu/arm/5.4.1/bin/../lib/gcc/arm-none-eabi/5.4.1/../../../../arm-none-eabi/lib/armv7-m\libg_nano.a(lib_a-nano-reallocr.o)
                0x00002866                _realloc_r
 .text._malloc_usable_size_r
                0x000028b2       0x14 d:/cypress/psoc creator/4.4/psoc creator/import/gnu/arm/5.4.1/bin/../lib/gcc/arm-none-eabi/5.4.1/../../../../arm-none-eabi/lib/armv7-m\libg_nano.a(lib_a-nano-msizer.o)
                0x000028b2                _malloc_usable_size_r
 *(.plt)
 *(.gnu.warning)
 *(.glue_7t)
 .glue_7t       0x000028c6        0x0 linker stubs
 *(.glue_7)
 .glue_7        0x000028c6        0x0 linker stubs
 *(.vfp11_veneer)
 .vfp11_veneer  0x000028c6        0x0 linker stubs
 *(.bootloader)
 *(.ARM.extab* .gnu.linkonce.armextab.*)
 *(.gcc_except_table)

.v4_bx          0x000028c8        0x0
 .v4_bx         0x000028c8        0x0 linker stubs

.iplt           0x000028c8        0x0
 .iplt          0x000028c8        0x0 d:/cypress/psoc creator/4.4/psoc creator/import/gnu/arm/5.4.1/bin/../lib/gcc/arm-none-eabi/5.4.1/armv7-m/crtbegin.o

.eh_frame_hdr
 *(.eh_frame_hdr)

.eh_frame       0x000028c8        0x4
 *(.eh_frame)
 .eh_frame      0x000028c8        0x0 d:/cypress/psoc creator/4.4/psoc creator/import/gnu/arm/5.4.1/bin/../lib/gcc/arm-none-eabi/5.4.1/armv7-m/crtbegin.o
 .eh_frame      0x000028c8        0x4 d:/cypress/psoc creator/4.4/psoc creator/import/gnu/arm/5.4.1/bin/../lib/gcc/arm-none-eabi/5.4.1/armv7-m/crtend.o
                [!provide]                PROVIDE (__exidx_start, .)

.ARM.exidx
 *(.ARM.exidx* .gnu.linkonce.armexidx.*)
                0x000028cc                __exidx_end = .

.rodata         0x000028cc      0x4f4
 *(.rodata .rodata.* .gnu.linkonce.r.*)
 .rodata.str1.4
                0x000028cc      0x30e .\CortexM3\ARM_GCC_541\Debug\main.o
 *fill*         0x00002bda        0x2 
 .rodata        0x00002bdc        0x6 .\CortexM3\ARM_GCC_541\Debug\serial.o
                0x00002bdc                cmd_separators
                0x00002be1                cmd_end
 *fill*         0x00002be2        0x2 
 .rodata.str1.4
                0x00002be4       0x20 .\CortexM3\ARM_GCC_541\Debug\serial.o
                                 0x27 (size before relaxing)
 .rodata        0x00002c04       0x4c .\CortexM3\ARM_GCC_541\Debug\cyfitter_cfg.o
 .rodata.str1.1
                0x00002c50        0x2 d:/cypress/psoc creator/4.4/psoc creator/import/gnu/arm/5.4.1/bin/../lib/gcc/arm-none-eabi/5.4.1/../../../../arm-none-eabi/lib/armv7-m\libg_nano.a(lib_a-impure.o)
 .rodata._ctype_
                0x00002c52      0x101 d:/cypress/psoc creator/4.4/psoc creator/import/gnu/arm/5.4.1/bin/../lib/gcc/arm-none-eabi/5.4.1/../../../../arm-none-eabi/lib/armv7-m\libg_nano.a(lib_a-ctype_.o)
                0x00002c52                _ctype_
 .rodata.str1.1
                0x00002d53       0x11 d:/cypress/psoc creator/4.4/psoc creator/import/gnu/arm/5.4.1/bin/../lib/gcc/arm-none-eabi/5.4.1/../../../../arm-none-eabi/lib/armv7-m\libg_nano.a(lib_a-nano-svfprintf.o)
 .rodata.str1.1
                0x00002d64       0x22 d:/cypress/psoc creator/4.4/psoc creator/import/gnu/arm/5.4.1/bin/../lib/gcc/arm-none-eabi/5.4.1/../../../../arm-none-eabi/lib/armv7-m\libg_nano.a(lib_a-nano-vfprintf_i.o)
                0x00002d88                . = ALIGN (0x4)
 *fill*         0x00002d86        0x2 
 *(.init)
 .init          0x00002d88        0x4 d:/cypress/psoc creator/4.4/psoc creator/import/gnu/arm/5.4.1/bin/../lib/gcc/arm-none-eabi/5.4.1/armv7-m/crti.o
                0x00002d88                _init
 .init          0x00002d8c        0x8 d:/cypress/psoc creator/4.4/psoc creator/import/gnu/arm/5.4.1/bin/../lib/gcc/arm-none-eabi/5.4.1/armv7-m/crtn.o
                0x00002d94                . = ALIGN (0x4)
                0x00002d94                __preinit_array_start = .
 *(.preinit_array)
                0x00002d94                __preinit_array_end = .
                0x00002d94                . = ALIGN (0x4)
                0x00002d94                __init_array_start = .
 *(SORT(.init_array.*))
 *(.init_array)
 .init_array    0x00002d94        0x4 d:/cypress/psoc creator/4.4/psoc creator/import/gnu/arm/5.4.1/bin/../lib/gcc/arm-none-eabi/5.4.1/armv7-m/crtbegin.o
 .init_array    0x00002d98        0x4 .\CortexM3\ARM_GCC_541\Debug\Cm3Start.o
                0x00002d9c                __init_array_end = .
                0x00002d9c                . = ALIGN (0x4)
 *(.fini)
 .fini          0x00002d9c        0x4 d:/cypress/psoc creator/4.4/psoc creator/import/gnu/arm/5.4.1/bin/../lib/gcc/arm-none-eabi/5.4.1/armv7-m/crti.o
                0x00002d9c                _fini
 .fini          0x00002da0        0x8 d:/cypress/psoc creator/4.4/psoc creator/import/gnu/arm/5.4.1/bin/../lib/gcc/arm-none-eabi/5.4.1/armv7-m/crtn.o
                0x00002da8                . = ALIGN (0x4)
                0x00002da8                __fini_array_start = .
 *(.fini_array)
 .fini_array    0x00002da8        0x4 d:/cypress/psoc creator/4.4/psoc creator/import/gnu/arm/5.4.1/bin/../lib/gcc/arm-none-eabi/5.4.1/armv7-m/crtbegin.o
 *(SORT(.fini_array.*))
                0x00002dac                __fini_array_end = .
                0x00002dac                . = ALIGN (0x4)
 *crtbegin.o(.ctors)
 *(EXCLUDE_FILE(*crtend.o) .ctors)
 *(SORT(.ctors.*))
 *crtend.o(.ctors)
                0x00002dac                . = ALIGN (0x4)
 *crtbegin.o(.dtors)
 *(EXCLUDE_FILE(*crtend.o) .dtors)
 *(SORT(.dtors.*))
 *crtend.o(.dtors)
                0x00002dac                . = ALIGN (0x4)
                0x00002dac                __cy_regions = .
                0x00002dac        0x4 LONG 0x2dc0 __cy_region_init_ram
                0x00002db0        0x4 LONG 0x1fff80c8 __cy_region_start_data
                0x00002db4        0x4 LONG 0xb8 __cy_region_init_size_ram
                0x00002db8        0x4 LONG 0x4710 __cy_region_zero_size_ram
                0x00002dbc                __cy_regions_end = .
                0x00002dc0                . = ALIGN (0x8)
 *fill*         0x00002dbc        0x4 
                0x00002dc0                _etext = .

.cy_checksum_exclude
                0x00002dc0        0x0
 *(.cy_checksum_exclude)

.ramvectors     0x1fff8000       0xc0
                0x1fff8000                __cy_region_start_ram = .
 *(.ramvectors)
 .ramvectors    0x1fff8000       0xc0 .\CortexM3\ARM_GCC_541\Debug\Cm3Start.o
                0x1fff8000                CyRamVectors

.noinit         0x1fff80c0        0x1
 *(.noinit)
 .noinit        0x1fff80c0        0x1 .\CortexM3\ARM_GCC_541\Debug\PSoC_Dias_v1.a(CyLib.o)
                0x1fff80c0                CyResetStatus

.data           0x1fff80c8       0xb8 load address 0x00002dc0
                0x1fff80c8                __cy_region_start_data = .
 *(.jcr)
 .jcr           0x1fff80c8        0x0 d:/cypress/psoc creator/4.4/psoc creator/import/gnu/arm/5.4.1/bin/../lib/gcc/arm-none-eabi/5.4.1/armv7-m/crtbegin.o
 .jcr           0x1fff80c8        0x4 d:/cypress/psoc creator/4.4/psoc creator/import/gnu/arm/5.4.1/bin/../lib/gcc/arm-none-eabi/5.4.1/armv7-m/crtend.o
 *(.got.plt)
 *(.got)
 *(.shdata)
 *(.data .data.* .gnu.linkonce.d.*)
 .data          0x1fff80cc        0xc .\CortexM3\ARM_GCC_541\Debug\main.o
                0x1fff80cc                mVReff
                0x1fff80ce                samplingPeriod
                0x1fff80d0                mVStep
                0x1fff80d2                TIACalMulti
                0x1fff80d4                TIACalDivide
                0x1fff80d6                TIARes
 .data          0x1fff80d8       0x20 .\CortexM3\ARM_GCC_541\Debug\serial.o
                0x1fff80d8                cmd_str
 .data          0x1fff80f8        0x4 .\CortexM3\ARM_GCC_541\Debug\Cm3Start.o
 .data          0x1fff80fc        0x1 .\CortexM3\ARM_GCC_541\Debug\PSoC_Dias_v1.a(DVDAC_1.o)
 .data          0x1fff80fd        0x1 .\CortexM3\ARM_GCC_541\Debug\PSoC_Dias_v1.a(ADC_DelSig_1.o)
                0x1fff80fd                ADC_DelSig_1_Config
 .data          0x1fff80fe        0x1 .\CortexM3\ARM_GCC_541\Debug\PSoC_Dias_v1.a(DVDAC_1_DMA_dma.o)
                0x1fff80fe                DVDAC_1_DMA_DmaHandle
 *fill*         0x1fff80ff        0x1 
 .data          0x1fff8100        0x8 .\CortexM3\ARM_GCC_541\Debug\PSoC_Dias_v1.a(CyDmac.o)
 .data          0x1fff8108       0x10 .\CortexM3\ARM_GCC_541\Debug\PSoC_Dias_v1.a(CyLib.o)
                0x1fff8108                cydelay_32k_ms
                0x1fff810c                cydelay_freq_khz
                0x1fff8110                cydelay_freq_mhz
                0x1fff8114                cydelay_freq_hz
 .data.impure_data
                0x1fff8118       0x60 d:/cypress/psoc creator/4.4/psoc creator/import/gnu/arm/5.4.1/bin/../lib/gcc/arm-none-eabi/5.4.1/../../../../arm-none-eabi/lib/armv7-m\libg_nano.a(lib_a-impure.o)
 .data._impure_ptr
                0x1fff8178        0x4 d:/cypress/psoc creator/4.4/psoc creator/import/gnu/arm/5.4.1/bin/../lib/gcc/arm-none-eabi/5.4.1/../../../../arm-none-eabi/lib/armv7-m\libg_nano.a(lib_a-impure.o)
                0x1fff8178                _impure_ptr
 .data.__ctype_ptr__
                0x1fff817c        0x4 d:/cypress/psoc creator/4.4/psoc creator/import/gnu/arm/5.4.1/bin/../lib/gcc/arm-none-eabi/5.4.1/../../../../arm-none-eabi/lib/armv7-m\libg_nano.a(lib_a-ctype_.o)
                0x1fff817c                __ctype_ptr__
                0x1fff8180                . = ALIGN (0x8)
 *(.ram)
                0x1fff8180                _edata = .

.igot.plt       0x1fff8180        0x0 load address 0x00002e78
 .igot.plt      0x1fff8180        0x0 d:/cypress/psoc creator/4.4/psoc creator/import/gnu/arm/5.4.1/bin/../lib/gcc/arm-none-eabi/5.4.1/armv7-m/crtbegin.o

.bss            0x1fff8180     0x4710 load address 0x00002e78
                0x1fff8180                PROVIDE (__bss_start__, .)
 *(.shbss)
 *(.bss .bss.* .gnu.linkonce.b.*)
 .bss           0x1fff8180       0x1c d:/cypress/psoc creator/4.4/psoc creator/import/gnu/arm/5.4.1/bin/../lib/gcc/arm-none-eabi/5.4.1/armv7-m/crtbegin.o
 .bss           0x1fff819c       0x30 .\CortexM3\ARM_GCC_541\Debug\main.o
                0x1fff819c                millis
                0x1fff81a0                mVStart
                0x1fff81a2                mVEnd
                0x1fff81a4                sweepSpeed
                0x1fff81a6                repeat
                0x1fff81a8                mVOut
                0x1fff81aa                repeatDone
                0x1fff81ac                lutLength
                0x1fff81b0                millisPrevious
                0x1fff81b4                millisPrevious2
                0x1fff81b8                msEnd
                0x1fff81bc                halfWavePeriod
                0x1fff81be                TIACal
                0x1fff81c0                state
 .bss           0x1fff81cc       0x14 .\CortexM3\ARM_GCC_541\Debug\serial.o
                0x1fff81cc                cmd
                0x1fff81d0                cmd_error
                0x1fff81d8                cmd_nparam
                0x1fff81dc                cmd_last
 .bss           0x1fff81e0       0x15 .\CortexM3\ARM_GCC_541\Debug\PSoC_Dias_v1.a(DVDAC_1.o)
                0x1fff81f4                DVDAC_1_initVar
 *fill*         0x1fff81f5        0x3 
 .bss           0x1fff81f8       0x18 .\CortexM3\ARM_GCC_541\Debug\PSoC_Dias_v1.a(ADC_DelSig_1.o)
                0x1fff8208                ADC_DelSig_1_stopConversion
                0x1fff8209                ADC_DelSig_1_convDone
                0x1fff820a                ADC_DelSig_1_initVar
                0x1fff820b                ADC_DelSig_1_started
                0x1fff820c                ADC_DelSig_1_Offset
 .bss           0x1fff8210        0x1 .\CortexM3\ARM_GCC_541\Debug\PSoC_Dias_v1.a(VDAC8_1.o)
                0x1fff8210                VDAC8_1_initVar
 .bss           0x1fff8211        0x1 .\CortexM3\ARM_GCC_541\Debug\PSoC_Dias_v1.a(TIA_1.o)
                0x1fff8211                TIA_1_initVar
 .bss           0x1fff8212        0x1 .\CortexM3\ARM_GCC_541\Debug\PSoC_Dias_v1.a(Opamp_1.o)
                0x1fff8212                Opamp_1_initVar
 .bss           0x1fff8213        0x1 .\CortexM3\ARM_GCC_541\Debug\PSoC_Dias_v1.a(Timer_1.o)
                0x1fff8213                Timer_1_initVar
 .bss           0x1fff8214        0x2 .\CortexM3\ARM_GCC_541\Debug\PSoC_Dias_v1.a(UART.o)
                0x1fff8214                UART_initVar
 *fill*         0x1fff8216        0x2 
 .bss.__malloc_sbrk_start
                0x1fff8218        0x4 d:/cypress/psoc creator/4.4/psoc creator/import/gnu/arm/5.4.1/bin/../lib/gcc/arm-none-eabi/5.4.1/../../../../arm-none-eabi/lib/armv7-m\libg_nano.a(lib_a-nano-mallocr.o)
                0x1fff8218                __malloc_sbrk_start
 .bss.__malloc_free_list
                0x1fff821c        0x4 d:/cypress/psoc creator/4.4/psoc creator/import/gnu/arm/5.4.1/bin/../lib/gcc/arm-none-eabi/5.4.1/../../../../arm-none-eabi/lib/armv7-m\libg_nano.a(lib_a-nano-mallocr.o)
                0x1fff821c                __malloc_free_list
 *(COMMON)
 COMMON         0x1fff8220     0x4650 .\CortexM3\ARM_GCC_541\Debug\main.o
                0x1fff8220                lutArray
 COMMON         0x1fffc870       0x14 .\CortexM3\ARM_GCC_541\Debug\serial.o
                0x1fffc870                cmd_params
 COMMON         0x1fffc884        0x4 .\CortexM3\ARM_GCC_541\Debug\PSoC_Dias_v1.a(ADC_DelSig_1.o)
                0x1fffc884                ADC_DelSig_1_CountsPerVolt
 COMMON         0x1fffc888        0x4 d:/cypress/psoc creator/4.4/psoc creator/import/gnu/arm/5.4.1/bin/../lib/gcc/arm-none-eabi/5.4.1/../../../../arm-none-eabi/lib/armv7-m\libg_nano.a(lib_a-reent.o)
                0x1fffc888                errno
                0x1fffc890                . = ALIGN (0x8)
 *fill*         0x1fffc88c        0x4 
 *(.ram.b)
                0x1fffc890                _end = .
                0x1fffc890                __end = .
                0x1fffc890                PROVIDE (end, .)
                0x1fffc890                PROVIDE (__bss_end__, .)
                0x00002dc0                __cy_region_init_ram = LOADADDR (.data)
                0x000000b8                __cy_region_init_size_ram = (_edata - ADDR (.data))
                0x00004710                __cy_region_zero_size_ram = (_end - _edata)

.heap           0x1fffc890       0x80 load address 0x00002e78
                0x1fffc890                . = _end
                0x1fffc910                . = (. + 0x80)
 *fill*         0x1fffc890       0x80 
                0x1fffc910                __cy_heap_limit = .

.stack          0x20007800      0x800
                0x20007800                __cy_stack_limit = .
                0x20008000                . = (. + 0x800)
 *fill*         0x20007800      0x800 
                0x00000001                ASSERT ((__cy_stack_limit >= __cy_heap_limit), region RAM overflowed with stack)
                0x00000000                cy_checksum_exclude_size = (CY_APPL_LOADABLE == 0x1)?SIZEOF (.cy_checksum_exclude):0x0
                0x00000001                ASSERT ((cy_checksum_exclude_size <= CY_CHECKSUM_EXCLUDE_SIZE), CY_BOOT: Section .cy_checksum_exclude size exceedes specified limit.)

.cyloadermeta
 *(.cyloadermeta)

.cyloadablemeta
 *(.cyloadablemeta)

.cyconfigecc    0x80000000      0x398
 *(.cyconfigecc)
 .cyconfigecc   0x80000000      0x398 .\CortexM3\ARM_GCC_541\Debug\cymetadata.o
                0x80000000                cy_meta_configecc

.cycustnvl      0x90000000        0x4
 *(.cycustnvl)
 .cycustnvl     0x90000000        0x4 .\CortexM3\ARM_GCC_541\Debug\cymetadata.o
                0x90000000                cy_meta_custnvl

.cywolatch      0x90100000        0x4
 *(.cywolatch)
 .cywolatch     0x90100000        0x4 .\CortexM3\ARM_GCC_541\Debug\cymetadata.o
                0x90100000                cy_meta_wonvl

.cyeeprom       0x90200000        0x0
 *(.cyeeprom)
                0x00000001                ASSERT ((. <= ((0x90200000 + ee_offset) + ee_size)), .cyeeprom data will not fit in EEPROM)

.cyflashprotect
                0x90400000      0x100
 *(.cyflashprotect)
 .cyflashprotect
                0x90400000      0x100 .\CortexM3\ARM_GCC_541\Debug\cymetadata.o
                0x90400000                cy_meta_flashprotect

.cymeta         0x90500000        0xc
 *(.cymeta)
 .cymeta        0x90500000        0xc .\CortexM3\ARM_GCC_541\Debug\cymetadata.o
                0x90500000                cy_metadata

.rel.dyn        0x00002e78        0x0 load address 0x9050000c
 .rel.iplt      0x00002e78        0x0 d:/cypress/psoc creator/4.4/psoc creator/import/gnu/arm/5.4.1/bin/../lib/gcc/arm-none-eabi/5.4.1/armv7-m/crtbegin.o

.stab
 *(.stab)

.stabstr
 *(.stabstr)

.debug
 *(.debug)

.line
 *(.line)

.debug_srcinfo
 *(.debug_srcinfo)

.debug_sfnames
 *(.debug_sfnames)

.debug_aranges  0x00000000      0xd08
 *(.debug_aranges)
 .debug_aranges
                0x00000000       0x50 .\CortexM3\ARM_GCC_541\Debug\main.o
 .debug_aranges
                0x00000050       0x30 .\CortexM3\ARM_GCC_541\Debug\serial.o
 .debug_aranges
                0x00000080       0x58 .\CortexM3\ARM_GCC_541\Debug\cyfitter_cfg.o
 .debug_aranges
                0x000000d8       0x18 .\CortexM3\ARM_GCC_541\Debug\cymetadata.o
 .debug_aranges
                0x000000f0       0x48 .\CortexM3\ARM_GCC_541\Debug\Cm3Start.o
 .debug_aranges
                0x00000138       0x48 .\CortexM3\ARM_GCC_541\Debug\PSoC_Dias_v1.a(DVDAC_1.o)
 .debug_aranges
                0x00000180       0xe8 .\CortexM3\ARM_GCC_541\Debug\PSoC_Dias_v1.a(ADC_DelSig_1.o)
 .debug_aranges
                0x00000268       0x38 .\CortexM3\ARM_GCC_541\Debug\PSoC_Dias_v1.a(ADC_DelSig_1_INT.o)
 .debug_aranges
                0x000002a0       0x58 .\CortexM3\ARM_GCC_541\Debug\PSoC_Dias_v1.a(VDAC8_1.o)
 .debug_aranges
                0x000002f8       0x50 .\CortexM3\ARM_GCC_541\Debug\PSoC_Dias_v1.a(TIA_1.o)
 .debug_aranges
                0x00000348       0x40 .\CortexM3\ARM_GCC_541\Debug\PSoC_Dias_v1.a(Opamp_1.o)
 .debug_aranges
                0x00000388       0x28 .\CortexM3\ARM_GCC_541\Debug\PSoC_Dias_v1.a(DVDAC_1_DMA_dma.o)
 .debug_aranges
                0x000003b0       0x58 .\CortexM3\ARM_GCC_541\Debug\PSoC_Dias_v1.a(DVDAC_1_VDAC8.o)
 .debug_aranges
                0x00000408       0x70 .\CortexM3\ARM_GCC_541\Debug\PSoC_Dias_v1.a(DVDAC_1_IntClock.o)
 .debug_aranges
                0x00000478       0x70 .\CortexM3\ARM_GCC_541\Debug\PSoC_Dias_v1.a(ADC_DelSig_1_Ext_CP_Clk.o)
 .debug_aranges
                0x000004e8       0x80 .\CortexM3\ARM_GCC_541\Debug\PSoC_Dias_v1.a(ADC_DelSig_1_theACLK.o)
 .debug_aranges
                0x00000568       0xd8 .\CortexM3\ARM_GCC_541\Debug\PSoC_Dias_v1.a(CyDmac.o)
 .debug_aranges
                0x00000640      0x2a0 .\CortexM3\ARM_GCC_541\Debug\PSoC_Dias_v1.a(CyLib.o)
 .debug_aranges
                0x000008e0       0x98 .\CortexM3\ARM_GCC_541\Debug\PSoC_Dias_v1.a(cyPm.o)
 .debug_aranges
                0x00000978       0x88 .\CortexM3\ARM_GCC_541\Debug\PSoC_Dias_v1.a(Timer_1.o)
 .debug_aranges
                0x00000a00       0xf0 .\CortexM3\ARM_GCC_541\Debug\PSoC_Dias_v1.a(UART.o)
 .debug_aranges
                0x00000af0       0x70 .\CortexM3\ARM_GCC_541\Debug\PSoC_Dias_v1.a(UART_IntClock.o)
 .debug_aranges
                0x00000b60       0x80 .\CortexM3\ARM_GCC_541\Debug\PSoC_Dias_v1.a(isr_timer.o)
 .debug_aranges
                0x00000be0       0x20 .\CortexM3\ARM_GCC_541\Debug\PSoC_Dias_v1.a(CyBootAsmGnu.o)
 .debug_aranges
                0x00000c00       0x88 .\CortexM3\ARM_GCC_541\Debug\PSoC_Dias_v1.a(CyFlash.o)
 .debug_aranges
                0x00000c88       0x80 .\CortexM3\ARM_GCC_541\Debug\PSoC_Dias_v1.a(CySpc.o)

.debug_pubnames
 *(.debug_pubnames)

.debug_info     0x00000000     0x7898
 *(.debug_info .gnu.linkonce.wi.*)
 .debug_info    0x00000000      0x901 .\CortexM3\ARM_GCC_541\Debug\main.o
 .debug_info    0x00000901      0x376 .\CortexM3\ARM_GCC_541\Debug\serial.o
 .debug_info    0x00000c77      0x60f .\CortexM3\ARM_GCC_541\Debug\cyfitter_cfg.o
 .debug_info    0x00001286      0x135 .\CortexM3\ARM_GCC_541\Debug\cymetadata.o
 .debug_info    0x000013bb      0x3cf .\CortexM3\ARM_GCC_541\Debug\Cm3Start.o
 .debug_info    0x0000178a      0x343 .\CortexM3\ARM_GCC_541\Debug\PSoC_Dias_v1.a(DVDAC_1.o)
 .debug_info    0x00001acd      0xb92 .\CortexM3\ARM_GCC_541\Debug\PSoC_Dias_v1.a(ADC_DelSig_1.o)
 .debug_info    0x0000265f       0xd3 .\CortexM3\ARM_GCC_541\Debug\PSoC_Dias_v1.a(ADC_DelSig_1_INT.o)
 .debug_info    0x00002732      0x1df .\CortexM3\ARM_GCC_541\Debug\PSoC_Dias_v1.a(VDAC8_1.o)
 .debug_info    0x00002911      0x1d4 .\CortexM3\ARM_GCC_541\Debug\PSoC_Dias_v1.a(TIA_1.o)
 .debug_info    0x00002ae5      0x151 .\CortexM3\ARM_GCC_541\Debug\PSoC_Dias_v1.a(Opamp_1.o)
 .debug_info    0x00002c36      0x1aa .\CortexM3\ARM_GCC_541\Debug\PSoC_Dias_v1.a(DVDAC_1_DMA_dma.o)
 .debug_info    0x00002de0      0x1dd .\CortexM3\ARM_GCC_541\Debug\PSoC_Dias_v1.a(DVDAC_1_VDAC8.o)
 .debug_info    0x00002fbd      0x283 .\CortexM3\ARM_GCC_541\Debug\PSoC_Dias_v1.a(DVDAC_1_IntClock.o)
 .debug_info    0x00003240      0x283 .\CortexM3\ARM_GCC_541\Debug\PSoC_Dias_v1.a(ADC_DelSig_1_Ext_CP_Clk.o)
 .debug_info    0x000034c3      0x2c4 .\CortexM3\ARM_GCC_541\Debug\PSoC_Dias_v1.a(ADC_DelSig_1_theACLK.o)
 .debug_info    0x00003787      0x94e .\CortexM3\ARM_GCC_541\Debug\PSoC_Dias_v1.a(CyDmac.o)
 .debug_info    0x000040d5     0x1374 .\CortexM3\ARM_GCC_541\Debug\PSoC_Dias_v1.a(CyLib.o)
 .debug_info    0x00005449      0xa2a .\CortexM3\ARM_GCC_541\Debug\PSoC_Dias_v1.a(cyPm.o)
 .debug_info    0x00005e73      0x291 .\CortexM3\ARM_GCC_541\Debug\PSoC_Dias_v1.a(Timer_1.o)
 .debug_info    0x00006104      0x60c .\CortexM3\ARM_GCC_541\Debug\PSoC_Dias_v1.a(UART.o)
 .debug_info    0x00006710      0x283 .\CortexM3\ARM_GCC_541\Debug\PSoC_Dias_v1.a(UART_IntClock.o)
 .debug_info    0x00006993      0x2d2 .\CortexM3\ARM_GCC_541\Debug\PSoC_Dias_v1.a(isr_timer.o)
 .debug_info    0x00006c65       0x96 .\CortexM3\ARM_GCC_541\Debug\PSoC_Dias_v1.a(CyBootAsmGnu.o)
 .debug_info    0x00006cfb      0x64d .\CortexM3\ARM_GCC_541\Debug\PSoC_Dias_v1.a(CyFlash.o)
 .debug_info    0x00007348      0x550 .\CortexM3\ARM_GCC_541\Debug\PSoC_Dias_v1.a(CySpc.o)

.debug_abbrev   0x00000000     0x2100
 *(.debug_abbrev)
 .debug_abbrev  0x00000000      0x1d7 .\CortexM3\ARM_GCC_541\Debug\main.o
 .debug_abbrev  0x000001d7      0x160 .\CortexM3\ARM_GCC_541\Debug\serial.o
 .debug_abbrev  0x00000337      0x20d .\CortexM3\ARM_GCC_541\Debug\cyfitter_cfg.o
 .debug_abbrev  0x00000544       0x66 .\CortexM3\ARM_GCC_541\Debug\cymetadata.o
 .debug_abbrev  0x000005aa      0x1e8 .\CortexM3\ARM_GCC_541\Debug\Cm3Start.o
 .debug_abbrev  0x00000792      0x10f .\CortexM3\ARM_GCC_541\Debug\PSoC_Dias_v1.a(DVDAC_1.o)
 .debug_abbrev  0x000008a1      0x1eb .\CortexM3\ARM_GCC_541\Debug\PSoC_Dias_v1.a(ADC_DelSig_1.o)
 .debug_abbrev  0x00000a8c       0x42 .\CortexM3\ARM_GCC_541\Debug\PSoC_Dias_v1.a(ADC_DelSig_1_INT.o)
 .debug_abbrev  0x00000ace       0xf7 .\CortexM3\ARM_GCC_541\Debug\PSoC_Dias_v1.a(VDAC8_1.o)
 .debug_abbrev  0x00000bc5       0xf7 .\CortexM3\ARM_GCC_541\Debug\PSoC_Dias_v1.a(TIA_1.o)
 .debug_abbrev  0x00000cbc       0xb2 .\CortexM3\ARM_GCC_541\Debug\PSoC_Dias_v1.a(Opamp_1.o)
 .debug_abbrev  0x00000d6e       0xcd .\CortexM3\ARM_GCC_541\Debug\PSoC_Dias_v1.a(DVDAC_1_DMA_dma.o)
 .debug_abbrev  0x00000e3b       0xf7 .\CortexM3\ARM_GCC_541\Debug\PSoC_Dias_v1.a(DVDAC_1_VDAC8.o)
 .debug_abbrev  0x00000f32      0x139 .\CortexM3\ARM_GCC_541\Debug\PSoC_Dias_v1.a(DVDAC_1_IntClock.o)
 .debug_abbrev  0x0000106b      0x139 .\CortexM3\ARM_GCC_541\Debug\PSoC_Dias_v1.a(ADC_DelSig_1_Ext_CP_Clk.o)
 .debug_abbrev  0x000011a4      0x121 .\CortexM3\ARM_GCC_541\Debug\PSoC_Dias_v1.a(ADC_DelSig_1_theACLK.o)
 .debug_abbrev  0x000012c5      0x1b2 .\CortexM3\ARM_GCC_541\Debug\PSoC_Dias_v1.a(CyDmac.o)
 .debug_abbrev  0x00001477      0x254 .\CortexM3\ARM_GCC_541\Debug\PSoC_Dias_v1.a(CyLib.o)
 .debug_abbrev  0x000016cb      0x1ab .\CortexM3\ARM_GCC_541\Debug\PSoC_Dias_v1.a(cyPm.o)
 .debug_abbrev  0x00001876      0x11a .\CortexM3\ARM_GCC_541\Debug\PSoC_Dias_v1.a(Timer_1.o)
 .debug_abbrev  0x00001990      0x175 .\CortexM3\ARM_GCC_541\Debug\PSoC_Dias_v1.a(UART.o)
 .debug_abbrev  0x00001b05      0x139 .\CortexM3\ARM_GCC_541\Debug\PSoC_Dias_v1.a(UART_IntClock.o)
 .debug_abbrev  0x00001c3e      0x173 .\CortexM3\ARM_GCC_541\Debug\PSoC_Dias_v1.a(isr_timer.o)
 .debug_abbrev  0x00001db1       0x14 .\CortexM3\ARM_GCC_541\Debug\PSoC_Dias_v1.a(CyBootAsmGnu.o)
 .debug_abbrev  0x00001dc5      0x1a7 .\CortexM3\ARM_GCC_541\Debug\PSoC_Dias_v1.a(CyFlash.o)
 .debug_abbrev  0x00001f6c      0x194 .\CortexM3\ARM_GCC_541\Debug\PSoC_Dias_v1.a(CySpc.o)

.debug_line     0x00000000     0x3333
 *(.debug_line)
 .debug_line    0x00000000      0x3cc .\CortexM3\ARM_GCC_541\Debug\main.o
 .debug_line    0x000003cc      0x21b .\CortexM3\ARM_GCC_541\Debug\serial.o
 .debug_line    0x000005e7      0x1ff .\CortexM3\ARM_GCC_541\Debug\cyfitter_cfg.o
 .debug_line    0x000007e6      0x119 .\CortexM3\ARM_GCC_541\Debug\cymetadata.o
 .debug_line    0x000008ff      0x219 .\CortexM3\ARM_GCC_541\Debug\Cm3Start.o
 .debug_line    0x00000b18      0x142 .\CortexM3\ARM_GCC_541\Debug\PSoC_Dias_v1.a(DVDAC_1.o)
 .debug_line    0x00000c5a      0x3cb .\CortexM3\ARM_GCC_541\Debug\PSoC_Dias_v1.a(ADC_DelSig_1.o)
 .debug_line    0x00001025       0x89 .\CortexM3\ARM_GCC_541\Debug\PSoC_Dias_v1.a(ADC_DelSig_1_INT.o)
 .debug_line    0x000010ae       0xe4 .\CortexM3\ARM_GCC_541\Debug\PSoC_Dias_v1.a(VDAC8_1.o)
 .debug_line    0x00001192       0xd7 .\CortexM3\ARM_GCC_541\Debug\PSoC_Dias_v1.a(TIA_1.o)
 .debug_line    0x00001269       0xaa .\CortexM3\ARM_GCC_541\Debug\PSoC_Dias_v1.a(Opamp_1.o)
 .debug_line    0x00001313       0x88 .\CortexM3\ARM_GCC_541\Debug\PSoC_Dias_v1.a(DVDAC_1_DMA_dma.o)
 .debug_line    0x0000139b       0xe9 .\CortexM3\ARM_GCC_541\Debug\PSoC_Dias_v1.a(DVDAC_1_VDAC8.o)
 .debug_line    0x00001484      0x17f .\CortexM3\ARM_GCC_541\Debug\PSoC_Dias_v1.a(DVDAC_1_IntClock.o)
 .debug_line    0x00001603      0x186 .\CortexM3\ARM_GCC_541\Debug\PSoC_Dias_v1.a(ADC_DelSig_1_Ext_CP_Clk.o)
 .debug_line    0x00001789      0x1a6 .\CortexM3\ARM_GCC_541\Debug\PSoC_Dias_v1.a(ADC_DelSig_1_theACLK.o)
 .debug_line    0x0000192f      0x2e4 .\CortexM3\ARM_GCC_541\Debug\PSoC_Dias_v1.a(CyDmac.o)
 .debug_line    0x00001c13      0x816 .\CortexM3\ARM_GCC_541\Debug\PSoC_Dias_v1.a(CyLib.o)
 .debug_line    0x00002429      0x367 .\CortexM3\ARM_GCC_541\Debug\PSoC_Dias_v1.a(cyPm.o)
 .debug_line    0x00002790      0x155 .\CortexM3\ARM_GCC_541\Debug\PSoC_Dias_v1.a(Timer_1.o)
 .debug_line    0x000028e5      0x2bc .\CortexM3\ARM_GCC_541\Debug\PSoC_Dias_v1.a(UART.o)
 .debug_line    0x00002ba1      0x17c .\CortexM3\ARM_GCC_541\Debug\PSoC_Dias_v1.a(UART_IntClock.o)
 .debug_line    0x00002d1d      0x136 .\CortexM3\ARM_GCC_541\Debug\PSoC_Dias_v1.a(isr_timer.o)
 .debug_line    0x00002e53       0x66 .\CortexM3\ARM_GCC_541\Debug\PSoC_Dias_v1.a(CyBootAsmGnu.o)
 .debug_line    0x00002eb9      0x21a .\CortexM3\ARM_GCC_541\Debug\PSoC_Dias_v1.a(CyFlash.o)
 .debug_line    0x000030d3      0x260 .\CortexM3\ARM_GCC_541\Debug\PSoC_Dias_v1.a(CySpc.o)

.debug_frame    0x00000000     0x24a0
 *(.debug_frame)
 .debug_frame   0x00000000       0xd8 .\CortexM3\ARM_GCC_541\Debug\main.o
 .debug_frame   0x000000d8       0x68 .\CortexM3\ARM_GCC_541\Debug\serial.o
 .debug_frame   0x00000140       0xf0 .\CortexM3\ARM_GCC_541\Debug\cyfitter_cfg.o
 .debug_frame   0x00000230       0xb8 .\CortexM3\ARM_GCC_541\Debug\Cm3Start.o
 .debug_frame   0x000002e8       0xc0 .\CortexM3\ARM_GCC_541\Debug\PSoC_Dias_v1.a(DVDAC_1.o)
 .debug_frame   0x000003a8      0x284 .\CortexM3\ARM_GCC_541\Debug\PSoC_Dias_v1.a(ADC_DelSig_1.o)
 .debug_frame   0x0000062c       0x50 .\CortexM3\ARM_GCC_541\Debug\PSoC_Dias_v1.a(ADC_DelSig_1_INT.o)
 .debug_frame   0x0000067c       0xb4 .\CortexM3\ARM_GCC_541\Debug\PSoC_Dias_v1.a(VDAC8_1.o)
 .debug_frame   0x00000730       0x98 .\CortexM3\ARM_GCC_541\Debug\PSoC_Dias_v1.a(TIA_1.o)
 .debug_frame   0x000007c8       0x78 .\CortexM3\ARM_GCC_541\Debug\PSoC_Dias_v1.a(Opamp_1.o)
 .debug_frame   0x00000840       0x54 .\CortexM3\ARM_GCC_541\Debug\PSoC_Dias_v1.a(DVDAC_1_DMA_dma.o)
 .debug_frame   0x00000894       0xb4 .\CortexM3\ARM_GCC_541\Debug\PSoC_Dias_v1.a(DVDAC_1_VDAC8.o)
 .debug_frame   0x00000948       0xe0 .\CortexM3\ARM_GCC_541\Debug\PSoC_Dias_v1.a(DVDAC_1_IntClock.o)
 .debug_frame   0x00000a28       0xe0 .\CortexM3\ARM_GCC_541\Debug\PSoC_Dias_v1.a(ADC_DelSig_1_Ext_CP_Clk.o)
 .debug_frame   0x00000b08      0x100 .\CortexM3\ARM_GCC_541\Debug\PSoC_Dias_v1.a(ADC_DelSig_1_theACLK.o)
 .debug_frame   0x00000c08      0x1f8 .\CortexM3\ARM_GCC_541\Debug\PSoC_Dias_v1.a(CyDmac.o)
 .debug_frame   0x00000e00      0x738 .\CortexM3\ARM_GCC_541\Debug\PSoC_Dias_v1.a(CyLib.o)
 .debug_frame   0x00001538      0x1f8 .\CortexM3\ARM_GCC_541\Debug\PSoC_Dias_v1.a(cyPm.o)
 .debug_frame   0x00001730      0x108 .\CortexM3\ARM_GCC_541\Debug\PSoC_Dias_v1.a(Timer_1.o)
 .debug_frame   0x00001838      0x250 .\CortexM3\ARM_GCC_541\Debug\PSoC_Dias_v1.a(UART.o)
 .debug_frame   0x00001a88       0xe0 .\CortexM3\ARM_GCC_541\Debug\PSoC_Dias_v1.a(UART_IntClock.o)
 .debug_frame   0x00001b68      0x104 .\CortexM3\ARM_GCC_541\Debug\PSoC_Dias_v1.a(isr_timer.o)
 .debug_frame   0x00001c6c      0x194 .\CortexM3\ARM_GCC_541\Debug\PSoC_Dias_v1.a(CyFlash.o)
 .debug_frame   0x00001e00      0x180 .\CortexM3\ARM_GCC_541\Debug\PSoC_Dias_v1.a(CySpc.o)
 .debug_frame   0x00001f80       0x30 d:/cypress/psoc creator/4.4/psoc creator/import/gnu/arm/5.4.1/bin/../lib/gcc/arm-none-eabi/5.4.1/../../../../arm-none-eabi/lib/armv7-m\libg_nano.a(lib_a-atol.o)
 .debug_frame   0x00001fb0       0x20 d:/cypress/psoc creator/4.4/psoc creator/import/gnu/arm/5.4.1/bin/../lib/gcc/arm-none-eabi/5.4.1/../../../../arm-none-eabi/lib/armv7-m\libg_nano.a(lib_a-errno.o)
 .debug_frame   0x00001fd0       0x28 d:/cypress/psoc creator/4.4/psoc creator/import/gnu/arm/5.4.1/bin/../lib/gcc/arm-none-eabi/5.4.1/../../../../arm-none-eabi/lib/armv7-m\libg_nano.a(lib_a-exit.o)
 .debug_frame   0x00001ff8       0x2c d:/cypress/psoc creator/4.4/psoc creator/import/gnu/arm/5.4.1/bin/../lib/gcc/arm-none-eabi/5.4.1/../../../../arm-none-eabi/lib/armv7-m\libg_nano.a(lib_a-init.o)
 .debug_frame   0x00002024       0x28 d:/cypress/psoc creator/4.4/psoc creator/import/gnu/arm/5.4.1/bin/../lib/gcc/arm-none-eabi/5.4.1/../../../../arm-none-eabi/lib/armv7-m\libg_nano.a(lib_a-memcpy-stub.o)
 .debug_frame   0x0000204c       0x20 d:/cypress/psoc creator/4.4/psoc creator/import/gnu/arm/5.4.1/bin/../lib/gcc/arm-none-eabi/5.4.1/../../../../arm-none-eabi/lib/armv7-m\libg_nano.a(lib_a-memset.o)
 .debug_frame   0x0000206c       0x70 d:/cypress/psoc creator/4.4/psoc creator/import/gnu/arm/5.4.1/bin/../lib/gcc/arm-none-eabi/5.4.1/../../../../arm-none-eabi/lib/armv7-m\libg_nano.a(lib_a-sprintf.o)
 .debug_frame   0x000020dc       0x20 d:/cypress/psoc creator/4.4/psoc creator/import/gnu/arm/5.4.1/bin/../lib/gcc/arm-none-eabi/5.4.1/../../../../arm-none-eabi/lib/armv7-m\libg_nano.a(lib_a-strcmp.o)
 .debug_frame   0x000020fc       0x38 d:/cypress/psoc creator/4.4/psoc creator/import/gnu/arm/5.4.1/bin/../lib/gcc/arm-none-eabi/5.4.1/../../../../arm-none-eabi/lib/armv7-m\libg_nano.a(lib_a-strtok.o)
 .debug_frame   0x00002134       0x40 d:/cypress/psoc creator/4.4/psoc creator/import/gnu/arm/5.4.1/bin/../lib/gcc/arm-none-eabi/5.4.1/../../../../arm-none-eabi/lib/armv7-m\libg_nano.a(lib_a-strtok_r.o)
 .debug_frame   0x00002174       0x44 d:/cypress/psoc creator/4.4/psoc creator/import/gnu/arm/5.4.1/bin/../lib/gcc/arm-none-eabi/5.4.1/../../../../arm-none-eabi/lib/armv7-m\libg_nano.a(lib_a-strtol.o)
 .debug_frame   0x000021b8       0x30 d:/cypress/psoc creator/4.4/psoc creator/import/gnu/arm/5.4.1/bin/../lib/gcc/arm-none-eabi/5.4.1/../../../../arm-none-eabi/lib/armv7-m\libg_nano.a(lib_a-malloc.o)
 .debug_frame   0x000021e8       0x38 d:/cypress/psoc creator/4.4/psoc creator/import/gnu/arm/5.4.1/bin/../lib/gcc/arm-none-eabi/5.4.1/../../../../arm-none-eabi/lib/armv7-m\libg_nano.a(lib_a-nano-freer.o)
 .debug_frame   0x00002220       0x2c d:/cypress/psoc creator/4.4/psoc creator/import/gnu/arm/5.4.1/bin/../lib/gcc/arm-none-eabi/5.4.1/../../../../arm-none-eabi/lib/armv7-m\libg_nano.a(lib_a-nano-mallocr.o)
 .debug_frame   0x0000224c       0x90 d:/cypress/psoc creator/4.4/psoc creator/import/gnu/arm/5.4.1/bin/../lib/gcc/arm-none-eabi/5.4.1/../../../../arm-none-eabi/lib/armv7-m\libg_nano.a(lib_a-nano-svfprintf.o)
 .debug_frame   0x000022dc       0x60 d:/cypress/psoc creator/4.4/psoc creator/import/gnu/arm/5.4.1/bin/../lib/gcc/arm-none-eabi/5.4.1/../../../../arm-none-eabi/lib/armv7-m\libg_nano.a(lib_a-nano-vfprintf_i.o)
 .debug_frame   0x0000233c       0x2c d:/cypress/psoc creator/4.4/psoc creator/import/gnu/arm/5.4.1/bin/../lib/gcc/arm-none-eabi/5.4.1/../../../../arm-none-eabi/lib/armv7-m\libg_nano.a(lib_a-sbrkr.o)
 .debug_frame   0x00002368       0x28 d:/cypress/psoc creator/4.4/psoc creator/import/gnu/arm/5.4.1/bin/../lib/gcc/arm-none-eabi/5.4.1/../../../../arm-none-eabi/lib/armv7-m\libg_nano.a(lib_a-memchr-stub.o)
 .debug_frame   0x00002390       0x28 d:/cypress/psoc creator/4.4/psoc creator/import/gnu/arm/5.4.1/bin/../lib/gcc/arm-none-eabi/5.4.1/../../../../arm-none-eabi/lib/armv7-m\libg_nano.a(lib_a-memmove.o)
 .debug_frame   0x000023b8       0x30 d:/cypress/psoc creator/4.4/psoc creator/import/gnu/arm/5.4.1/bin/../lib/gcc/arm-none-eabi/5.4.1/../../../../arm-none-eabi/lib/armv7-m\libg_nano.a(lib_a-mlock.o)
 .debug_frame   0x000023e8       0x3c d:/cypress/psoc creator/4.4/psoc creator/import/gnu/arm/5.4.1/bin/../lib/gcc/arm-none-eabi/5.4.1/../../../../arm-none-eabi/lib/armv7-m\libg_nano.a(lib_a-nano-reallocr.o)
 .debug_frame   0x00002424       0x5c d:/cypress/psoc creator/4.4/psoc creator/import/gnu/arm/5.4.1/bin/../lib/gcc/arm-none-eabi/5.4.1/../../../../arm-none-eabi/lib/armv7-m\libg_nano.a(lib_a-reent.o)
 .debug_frame   0x00002480       0x20 d:/cypress/psoc creator/4.4/psoc creator/import/gnu/arm/5.4.1/bin/../lib/gcc/arm-none-eabi/5.4.1/../../../../arm-none-eabi/lib/armv7-m\libg_nano.a(lib_a-nano-msizer.o)

.debug_str      0x00000000     0x2d37
 *(.debug_str)
 .debug_str     0x00000000      0x423 .\CortexM3\ARM_GCC_541\Debug\main.o
                                0x493 (size before relaxing)
 .debug_str     0x00000423       0xaa .\CortexM3\ARM_GCC_541\Debug\serial.o
                                0x2ca (size before relaxing)
 .debug_str     0x000004cd      0x19c .\CortexM3\ARM_GCC_541\Debug\cyfitter_cfg.o
                                0x34a (size before relaxing)
 .debug_str     0x00000669       0x75 .\CortexM3\ARM_GCC_541\Debug\cymetadata.o
                                0x1ea (size before relaxing)
 .debug_str     0x000006de      0x154 .\CortexM3\ARM_GCC_541\Debug\Cm3Start.o
                                0x320 (size before relaxing)
 .debug_str     0x00000832      0x19f .\CortexM3\ARM_GCC_541\Debug\PSoC_Dias_v1.a(DVDAC_1.o)
                                0x365 (size before relaxing)
 .debug_str     0x000009d1      0x4c4 .\CortexM3\ARM_GCC_541\Debug\PSoC_Dias_v1.a(ADC_DelSig_1.o)
                                0x727 (size before relaxing)
 .debug_str     0x00000e95       0x72 .\CortexM3\ARM_GCC_541\Debug\PSoC_Dias_v1.a(ADC_DelSig_1_INT.o)
                                0x1f3 (size before relaxing)
 .debug_str     0x00000f07       0x9d .\CortexM3\ARM_GCC_541\Debug\PSoC_Dias_v1.a(VDAC8_1.o)
                                0x239 (size before relaxing)
 .debug_str     0x00000fa4       0x94 .\CortexM3\ARM_GCC_541\Debug\PSoC_Dias_v1.a(TIA_1.o)
                                0x23b (size before relaxing)
 .debug_str     0x00001038       0x6b .\CortexM3\ARM_GCC_541\Debug\PSoC_Dias_v1.a(Opamp_1.o)
                                0x20b (size before relaxing)
 .debug_str     0x000010a3       0xd3 .\CortexM3\ARM_GCC_541\Debug\PSoC_Dias_v1.a(DVDAC_1_DMA_dma.o)
                                0x28a (size before relaxing)
 .debug_str     0x00001176       0xac .\CortexM3\ARM_GCC_541\Debug\PSoC_Dias_v1.a(DVDAC_1_VDAC8.o)
                                0x275 (size before relaxing)
 .debug_str     0x00001222      0x199 .\CortexM3\ARM_GCC_541\Debug\PSoC_Dias_v1.a(DVDAC_1_IntClock.o)
                                0x360 (size before relaxing)
 .debug_str     0x000013bb      0x184 .\CortexM3\ARM_GCC_541\Debug\PSoC_Dias_v1.a(ADC_DelSig_1_Ext_CP_Clk.o)
                                0x3b4 (size before relaxing)
 .debug_str     0x0000153f      0x1bb .\CortexM3\ARM_GCC_541\Debug\PSoC_Dias_v1.a(ADC_DelSig_1_theACLK.o)
                                0x3e5 (size before relaxing)
 .debug_str     0x000016fa      0x2ac .\CortexM3\ARM_GCC_541\Debug\PSoC_Dias_v1.a(CyDmac.o)
                                0x550 (size before relaxing)
 .debug_str     0x000019a6      0x7ca .\CortexM3\ARM_GCC_541\Debug\PSoC_Dias_v1.a(CyLib.o)
                                0xa4d (size before relaxing)
 .debug_str     0x00002170      0x365 .\CortexM3\ARM_GCC_541\Debug\PSoC_Dias_v1.a(cyPm.o)
                                0x739 (size before relaxing)
 .debug_str     0x000024d5      0x174 .\CortexM3\ARM_GCC_541\Debug\PSoC_Dias_v1.a(Timer_1.o)
                                0x31b (size before relaxing)
 .debug_str     0x00002649      0x24a .\CortexM3\ARM_GCC_541\Debug\PSoC_Dias_v1.a(UART.o)
                                0x47b (size before relaxing)
 .debug_str     0x00002893      0x138 .\CortexM3\ARM_GCC_541\Debug\PSoC_Dias_v1.a(UART_IntClock.o)
                                0x33c (size before relaxing)
 .debug_str     0x000029cb      0x10c .\CortexM3\ARM_GCC_541\Debug\PSoC_Dias_v1.a(isr_timer.o)
                                0x2e4 (size before relaxing)
 .debug_str     0x00002ad7      0x1b4 .\CortexM3\ARM_GCC_541\Debug\PSoC_Dias_v1.a(CyFlash.o)
                                0x3c6 (size before relaxing)
 .debug_str     0x00002c8b       0xac .\CortexM3\ARM_GCC_541\Debug\PSoC_Dias_v1.a(CySpc.o)
                                0x33e (size before relaxing)

.debug_loc      0x00000000     0x38e2
 *(.debug_loc)
 .debug_loc     0x00000000      0x15e .\CortexM3\ARM_GCC_541\Debug\main.o
 .debug_loc     0x0000015e       0xf2 .\CortexM3\ARM_GCC_541\Debug\serial.o
 .debug_loc     0x00000250      0x289 .\CortexM3\ARM_GCC_541\Debug\cyfitter_cfg.o
 .debug_loc     0x000004d9      0x144 .\CortexM3\ARM_GCC_541\Debug\Cm3Start.o
 .debug_loc     0x0000061d       0x7b .\CortexM3\ARM_GCC_541\Debug\PSoC_Dias_v1.a(DVDAC_1.o)
 .debug_loc     0x00000698      0x681 .\CortexM3\ARM_GCC_541\Debug\PSoC_Dias_v1.a(ADC_DelSig_1.o)
 .debug_loc     0x00000d19       0x79 .\CortexM3\ARM_GCC_541\Debug\PSoC_Dias_v1.a(VDAC8_1.o)
 .debug_loc     0x00000d92       0x81 .\CortexM3\ARM_GCC_541\Debug\PSoC_Dias_v1.a(TIA_1.o)
 .debug_loc     0x00000e13       0x21 .\CortexM3\ARM_GCC_541\Debug\PSoC_Dias_v1.a(Opamp_1.o)
 .debug_loc     0x00000e34       0x84 .\CortexM3\ARM_GCC_541\Debug\PSoC_Dias_v1.a(DVDAC_1_DMA_dma.o)
 .debug_loc     0x00000eb8       0x79 .\CortexM3\ARM_GCC_541\Debug\PSoC_Dias_v1.a(DVDAC_1_VDAC8.o)
 .debug_loc     0x00000f31      0x128 .\CortexM3\ARM_GCC_541\Debug\PSoC_Dias_v1.a(DVDAC_1_IntClock.o)
 .debug_loc     0x00001059      0x12c .\CortexM3\ARM_GCC_541\Debug\PSoC_Dias_v1.a(ADC_DelSig_1_Ext_CP_Clk.o)
 .debug_loc     0x00001185      0x14d .\CortexM3\ARM_GCC_541\Debug\PSoC_Dias_v1.a(ADC_DelSig_1_theACLK.o)
 .debug_loc     0x000012d2      0xb8e .\CortexM3\ARM_GCC_541\Debug\PSoC_Dias_v1.a(CyDmac.o)
 .debug_loc     0x00001e60      0xa11 .\CortexM3\ARM_GCC_541\Debug\PSoC_Dias_v1.a(CyLib.o)
 .debug_loc     0x00002871      0x1e4 .\CortexM3\ARM_GCC_541\Debug\PSoC_Dias_v1.a(cyPm.o)
 .debug_loc     0x00002a55      0x258 .\CortexM3\ARM_GCC_541\Debug\PSoC_Dias_v1.a(UART.o)
 .debug_loc     0x00002cad      0x128 .\CortexM3\ARM_GCC_541\Debug\PSoC_Dias_v1.a(UART_IntClock.o)
 .debug_loc     0x00002dd5       0x56 .\CortexM3\ARM_GCC_541\Debug\PSoC_Dias_v1.a(isr_timer.o)
 .debug_loc     0x00002e2b      0x3b2 .\CortexM3\ARM_GCC_541\Debug\PSoC_Dias_v1.a(CyFlash.o)
 .debug_loc     0x000031dd      0x705 .\CortexM3\ARM_GCC_541\Debug\PSoC_Dias_v1.a(CySpc.o)

.debug_macinfo
 *(.debug_macinfo)

.debug_ranges   0x00000000      0xb68
 *(.debug_ranges)
 .debug_ranges  0x00000000       0x40 .\CortexM3\ARM_GCC_541\Debug\main.o
 .debug_ranges  0x00000040       0x38 .\CortexM3\ARM_GCC_541\Debug\serial.o
 .debug_ranges  0x00000078       0x48 .\CortexM3\ARM_GCC_541\Debug\cyfitter_cfg.o
 .debug_ranges  0x000000c0       0x38 .\CortexM3\ARM_GCC_541\Debug\Cm3Start.o
 .debug_ranges  0x000000f8       0x38 .\CortexM3\ARM_GCC_541\Debug\PSoC_Dias_v1.a(DVDAC_1.o)
 .debug_ranges  0x00000130       0xd8 .\CortexM3\ARM_GCC_541\Debug\PSoC_Dias_v1.a(ADC_DelSig_1.o)
 .debug_ranges  0x00000208       0x28 .\CortexM3\ARM_GCC_541\Debug\PSoC_Dias_v1.a(ADC_DelSig_1_INT.o)
 .debug_ranges  0x00000230       0x48 .\CortexM3\ARM_GCC_541\Debug\PSoC_Dias_v1.a(VDAC8_1.o)
 .debug_ranges  0x00000278       0x40 .\CortexM3\ARM_GCC_541\Debug\PSoC_Dias_v1.a(TIA_1.o)
 .debug_ranges  0x000002b8       0x30 .\CortexM3\ARM_GCC_541\Debug\PSoC_Dias_v1.a(Opamp_1.o)
 .debug_ranges  0x000002e8       0x18 .\CortexM3\ARM_GCC_541\Debug\PSoC_Dias_v1.a(DVDAC_1_DMA_dma.o)
 .debug_ranges  0x00000300       0x48 .\CortexM3\ARM_GCC_541\Debug\PSoC_Dias_v1.a(DVDAC_1_VDAC8.o)
 .debug_ranges  0x00000348       0x60 .\CortexM3\ARM_GCC_541\Debug\PSoC_Dias_v1.a(DVDAC_1_IntClock.o)
 .debug_ranges  0x000003a8       0x60 .\CortexM3\ARM_GCC_541\Debug\PSoC_Dias_v1.a(ADC_DelSig_1_Ext_CP_Clk.o)
 .debug_ranges  0x00000408       0x70 .\CortexM3\ARM_GCC_541\Debug\PSoC_Dias_v1.a(ADC_DelSig_1_theACLK.o)
 .debug_ranges  0x00000478       0xc8 .\CortexM3\ARM_GCC_541\Debug\PSoC_Dias_v1.a(CyDmac.o)
 .debug_ranges  0x00000540      0x290 .\CortexM3\ARM_GCC_541\Debug\PSoC_Dias_v1.a(CyLib.o)
 .debug_ranges  0x000007d0       0x88 .\CortexM3\ARM_GCC_541\Debug\PSoC_Dias_v1.a(cyPm.o)
 .debug_ranges  0x00000858       0x78 .\CortexM3\ARM_GCC_541\Debug\PSoC_Dias_v1.a(Timer_1.o)
 .debug_ranges  0x000008d0       0xe0 .\CortexM3\ARM_GCC_541\Debug\PSoC_Dias_v1.a(UART.o)
 .debug_ranges  0x000009b0       0x60 .\CortexM3\ARM_GCC_541\Debug\PSoC_Dias_v1.a(UART_IntClock.o)
 .debug_ranges  0x00000a10       0x70 .\CortexM3\ARM_GCC_541\Debug\PSoC_Dias_v1.a(isr_timer.o)
 .debug_ranges  0x00000a80       0x78 .\CortexM3\ARM_GCC_541\Debug\PSoC_Dias_v1.a(CyFlash.o)
 .debug_ranges  0x00000af8       0x70 .\CortexM3\ARM_GCC_541\Debug\PSoC_Dias_v1.a(CySpc.o)

.comment        0x00000000       0x6e
 .comment       0x00000000       0x6e .\CortexM3\ARM_GCC_541\Debug\main.o
                                 0x6f (size before relaxing)
 .comment       0x0000006e       0x6f .\CortexM3\ARM_GCC_541\Debug\serial.o
 .comment       0x0000006e       0x6f .\CortexM3\ARM_GCC_541\Debug\cyfitter_cfg.o
 .comment       0x0000006e       0x6f .\CortexM3\ARM_GCC_541\Debug\cymetadata.o
 .comment       0x0000006e       0x6f .\CortexM3\ARM_GCC_541\Debug\Cm3Start.o
 .comment       0x0000006e       0x6f .\CortexM3\ARM_GCC_541\Debug\PSoC_Dias_v1.a(DVDAC_1.o)
 .comment       0x0000006e       0x6f .\CortexM3\ARM_GCC_541\Debug\PSoC_Dias_v1.a(ADC_DelSig_1.o)
 .comment       0x0000006e       0x6f .\CortexM3\ARM_GCC_541\Debug\PSoC_Dias_v1.a(ADC_DelSig_1_INT.o)
 .comment       0x0000006e       0x6f .\CortexM3\ARM_GCC_541\Debug\PSoC_Dias_v1.a(VDAC8_1.o)
 .comment       0x0000006e       0x6f .\CortexM3\ARM_GCC_541\Debug\PSoC_Dias_v1.a(TIA_1.o)
 .comment       0x0000006e       0x6f .\CortexM3\ARM_GCC_541\Debug\PSoC_Dias_v1.a(Opamp_1.o)
 .comment       0x0000006e       0x6f .\CortexM3\ARM_GCC_541\Debug\PSoC_Dias_v1.a(DVDAC_1_DMA_dma.o)
 .comment       0x0000006e       0x6f .\CortexM3\ARM_GCC_541\Debug\PSoC_Dias_v1.a(DVDAC_1_VDAC8.o)
 .comment       0x0000006e       0x6f .\CortexM3\ARM_GCC_541\Debug\PSoC_Dias_v1.a(DVDAC_1_IntClock.o)
 .comment       0x0000006e       0x6f .\CortexM3\ARM_GCC_541\Debug\PSoC_Dias_v1.a(ADC_DelSig_1_Ext_CP_Clk.o)
 .comment       0x0000006e       0x6f .\CortexM3\ARM_GCC_541\Debug\PSoC_Dias_v1.a(ADC_DelSig_1_theACLK.o)
 .comment       0x0000006e       0x6f .\CortexM3\ARM_GCC_541\Debug\PSoC_Dias_v1.a(CyDmac.o)
 .comment       0x0000006e       0x6f .\CortexM3\ARM_GCC_541\Debug\PSoC_Dias_v1.a(CyLib.o)
 .comment       0x0000006e       0x6f .\CortexM3\ARM_GCC_541\Debug\PSoC_Dias_v1.a(cyPm.o)
 .comment       0x0000006e       0x6f .\CortexM3\ARM_GCC_541\Debug\PSoC_Dias_v1.a(Timer_1.o)
 .comment       0x0000006e       0x6f .\CortexM3\ARM_GCC_541\Debug\PSoC_Dias_v1.a(UART.o)
 .comment       0x0000006e       0x6f .\CortexM3\ARM_GCC_541\Debug\PSoC_Dias_v1.a(UART_IntClock.o)
 .comment       0x0000006e       0x6f .\CortexM3\ARM_GCC_541\Debug\PSoC_Dias_v1.a(isr_timer.o)
 .comment       0x0000006e       0x6f .\CortexM3\ARM_GCC_541\Debug\PSoC_Dias_v1.a(CyFlash.o)
 .comment       0x0000006e       0x6f .\CortexM3\ARM_GCC_541\Debug\PSoC_Dias_v1.a(CySpc.o)

.debug_weaknames
 *(.debug_weaknames)

.debug_funcnames
 *(.debug_funcnames)

.debug_typenames
 *(.debug_typenames)

.debug_varnames
 *(.debug_varnames)

.note.gnu.arm.ident
 *(.note.gnu.arm.ident)

.ARM.attributes
                0x00000000       0x29
 *(.ARM.attributes)
 .ARM.attributes
                0x00000000       0x1d d:/cypress/psoc creator/4.4/psoc creator/import/gnu/arm/5.4.1/bin/../lib/gcc/arm-none-eabi/5.4.1/armv7-m/crti.o
 .ARM.attributes
                0x0000001d       0x2d d:/cypress/psoc creator/4.4/psoc creator/import/gnu/arm/5.4.1/bin/../lib/gcc/arm-none-eabi/5.4.1/armv7-m/crtbegin.o
 .ARM.attributes
                0x0000004a       0x1b d:/cypress/psoc creator/4.4/psoc creator/import/gnu/arm/5.4.1/bin/../lib/gcc/arm-none-eabi/5.4.1/../../../../arm-none-eabi/lib/armv7-m/crt0.o
 .ARM.attributes
                0x00000065       0x33 .\CortexM3\ARM_GCC_541\Debug\main.o
 .ARM.attributes
                0x00000098       0x33 .\CortexM3\ARM_GCC_541\Debug\serial.o
 .ARM.attributes
                0x000000cb       0x33 .\CortexM3\ARM_GCC_541\Debug\cyfitter_cfg.o
 .ARM.attributes
                0x000000fe       0x33 .\CortexM3\ARM_GCC_541\Debug\cymetadata.o
 .ARM.attributes
                0x00000131       0x33 .\CortexM3\ARM_GCC_541\Debug\Cm3Start.o
 .ARM.attributes
                0x00000164       0x33 .\CortexM3\ARM_GCC_541\Debug\PSoC_Dias_v1.a(DVDAC_1.o)
 .ARM.attributes
                0x00000197       0x33 .\CortexM3\ARM_GCC_541\Debug\PSoC_Dias_v1.a(ADC_DelSig_1.o)
 .ARM.attributes
                0x000001ca       0x33 .\CortexM3\ARM_GCC_541\Debug\PSoC_Dias_v1.a(ADC_DelSig_1_INT.o)
 .ARM.attributes
                0x000001fd       0x33 .\CortexM3\ARM_GCC_541\Debug\PSoC_Dias_v1.a(VDAC8_1.o)
 .ARM.attributes
                0x00000230       0x33 .\CortexM3\ARM_GCC_541\Debug\PSoC_Dias_v1.a(TIA_1.o)
 .ARM.attributes
                0x00000263       0x33 .\CortexM3\ARM_GCC_541\Debug\PSoC_Dias_v1.a(Opamp_1.o)
 .ARM.attributes
                0x00000296       0x33 .\CortexM3\ARM_GCC_541\Debug\PSoC_Dias_v1.a(DVDAC_1_DMA_dma.o)
 .ARM.attributes
                0x000002c9       0x33 .\CortexM3\ARM_GCC_541\Debug\PSoC_Dias_v1.a(DVDAC_1_VDAC8.o)
 .ARM.attributes
                0x000002fc       0x33 .\CortexM3\ARM_GCC_541\Debug\PSoC_Dias_v1.a(DVDAC_1_IntClock.o)
 .ARM.attributes
                0x0000032f       0x33 .\CortexM3\ARM_GCC_541\Debug\PSoC_Dias_v1.a(ADC_DelSig_1_Ext_CP_Clk.o)
 .ARM.attributes
                0x00000362       0x33 .\CortexM3\ARM_GCC_541\Debug\PSoC_Dias_v1.a(ADC_DelSig_1_theACLK.o)
 .ARM.attributes
                0x00000395       0x33 .\CortexM3\ARM_GCC_541\Debug\PSoC_Dias_v1.a(CyDmac.o)
 .ARM.attributes
                0x000003c8       0x33 .\CortexM3\ARM_GCC_541\Debug\PSoC_Dias_v1.a(CyLib.o)
 .ARM.attributes
                0x000003fb       0x33 .\CortexM3\ARM_GCC_541\Debug\PSoC_Dias_v1.a(cyPm.o)
 .ARM.attributes
                0x0000042e       0x33 .\CortexM3\ARM_GCC_541\Debug\PSoC_Dias_v1.a(Timer_1.o)
 .ARM.attributes
                0x00000461       0x33 .\CortexM3\ARM_GCC_541\Debug\PSoC_Dias_v1.a(UART.o)
 .ARM.attributes
                0x00000494       0x33 .\CortexM3\ARM_GCC_541\Debug\PSoC_Dias_v1.a(UART_IntClock.o)
 .ARM.attributes
                0x000004c7       0x33 .\CortexM3\ARM_GCC_541\Debug\PSoC_Dias_v1.a(isr_timer.o)
 .ARM.attributes
                0x000004fa       0x21 .\CortexM3\ARM_GCC_541\Debug\PSoC_Dias_v1.a(CyBootAsmGnu.o)
 .ARM.attributes
                0x0000051b       0x33 .\CortexM3\ARM_GCC_541\Debug\PSoC_Dias_v1.a(CyFlash.o)
 .ARM.attributes
                0x0000054e       0x33 .\CortexM3\ARM_GCC_541\Debug\PSoC_Dias_v1.a(CySpc.o)
 .ARM.attributes
                0x00000581       0x1d d:/cypress/psoc creator/4.4/psoc creator/import/gnu/arm/5.4.1/bin/../lib/gcc/arm-none-eabi/5.4.1/armv7-m\libgcc.a(_arm_addsubdf3.o)
 .ARM.attributes
                0x0000059e       0x1d d:/cypress/psoc creator/4.4/psoc creator/import/gnu/arm/5.4.1/bin/../lib/gcc/arm-none-eabi/5.4.1/armv7-m\libgcc.a(_arm_cmpdf2.o)
 .ARM.attributes
                0x000005bb       0x1d d:/cypress/psoc creator/4.4/psoc creator/import/gnu/arm/5.4.1/bin/../lib/gcc/arm-none-eabi/5.4.1/armv7-m\libgcc.a(_arm_addsubsf3.o)
 .ARM.attributes
                0x000005d8       0x1d d:/cypress/psoc creator/4.4/psoc creator/import/gnu/arm/5.4.1/bin/../lib/gcc/arm-none-eabi/5.4.1/armv7-m\libgcc.a(_arm_muldivsf3.o)
 .ARM.attributes
                0x000005f5       0x1d d:/cypress/psoc creator/4.4/psoc creator/import/gnu/arm/5.4.1/bin/../lib/gcc/arm-none-eabi/5.4.1/armv7-m\libgcc.a(_arm_fixunssfsi.o)
 .ARM.attributes
                0x00000612       0x2d d:/cypress/psoc creator/4.4/psoc creator/import/gnu/arm/5.4.1/bin/../lib/gcc/arm-none-eabi/5.4.1/../../../../arm-none-eabi/lib/armv7-m\libg_nano.a(lib_a-atol.o)
 .ARM.attributes
                0x0000063f       0x2d d:/cypress/psoc creator/4.4/psoc creator/import/gnu/arm/5.4.1/bin/../lib/gcc/arm-none-eabi/5.4.1/../../../../arm-none-eabi/lib/armv7-m\libg_nano.a(lib_a-errno.o)
 .ARM.attributes
                0x0000066c       0x2d d:/cypress/psoc creator/4.4/psoc creator/import/gnu/arm/5.4.1/bin/../lib/gcc/arm-none-eabi/5.4.1/../../../../arm-none-eabi/lib/armv7-m\libg_nano.a(lib_a-exit.o)
 .ARM.attributes
                0x00000699       0x2d d:/cypress/psoc creator/4.4/psoc creator/import/gnu/arm/5.4.1/bin/../lib/gcc/arm-none-eabi/5.4.1/../../../../arm-none-eabi/lib/armv7-m\libg_nano.a(lib_a-impure.o)
 .ARM.attributes
                0x000006c6       0x2d d:/cypress/psoc creator/4.4/psoc creator/import/gnu/arm/5.4.1/bin/../lib/gcc/arm-none-eabi/5.4.1/../../../../arm-none-eabi/lib/armv7-m\libg_nano.a(lib_a-init.o)
 .ARM.attributes
                0x000006f3       0x2d d:/cypress/psoc creator/4.4/psoc creator/import/gnu/arm/5.4.1/bin/../lib/gcc/arm-none-eabi/5.4.1/../../../../arm-none-eabi/lib/armv7-m\libg_nano.a(lib_a-memcpy-stub.o)
 .ARM.attributes
                0x00000720       0x2d d:/cypress/psoc creator/4.4/psoc creator/import/gnu/arm/5.4.1/bin/../lib/gcc/arm-none-eabi/5.4.1/../../../../arm-none-eabi/lib/armv7-m\libg_nano.a(lib_a-memset.o)
 .ARM.attributes
                0x0000074d       0x2d d:/cypress/psoc creator/4.4/psoc creator/import/gnu/arm/5.4.1/bin/../lib/gcc/arm-none-eabi/5.4.1/../../../../arm-none-eabi/lib/armv7-m\libg_nano.a(lib_a-sprintf.o)
 .ARM.attributes
                0x0000077a       0x1b d:/cypress/psoc creator/4.4/psoc creator/import/gnu/arm/5.4.1/bin/../lib/gcc/arm-none-eabi/5.4.1/../../../../arm-none-eabi/lib/armv7-m\libg_nano.a(lib_a-strcmp.o)
 .ARM.attributes
                0x00000795       0x2d d:/cypress/psoc creator/4.4/psoc creator/import/gnu/arm/5.4.1/bin/../lib/gcc/arm-none-eabi/5.4.1/../../../../arm-none-eabi/lib/armv7-m\libg_nano.a(lib_a-strtok.o)
 .ARM.attributes
                0x000007c2       0x2d d:/cypress/psoc creator/4.4/psoc creator/import/gnu/arm/5.4.1/bin/../lib/gcc/arm-none-eabi/5.4.1/../../../../arm-none-eabi/lib/armv7-m\libg_nano.a(lib_a-strtok_r.o)
 .ARM.attributes
                0x000007ef       0x2d d:/cypress/psoc creator/4.4/psoc creator/import/gnu/arm/5.4.1/bin/../lib/gcc/arm-none-eabi/5.4.1/../../../../arm-none-eabi/lib/armv7-m\libg_nano.a(lib_a-strtol.o)
 .ARM.attributes
                0x0000081c       0x2d d:/cypress/psoc creator/4.4/psoc creator/import/gnu/arm/5.4.1/bin/../lib/gcc/arm-none-eabi/5.4.1/../../../../arm-none-eabi/lib/armv7-m\libg_nano.a(lib_a-ctype_.o)
 .ARM.attributes
                0x00000849       0x2d d:/cypress/psoc creator/4.4/psoc creator/import/gnu/arm/5.4.1/bin/../lib/gcc/arm-none-eabi/5.4.1/../../../../arm-none-eabi/lib/armv7-m\libg_nano.a(lib_a-malloc.o)
 .ARM.attributes
                0x00000876       0x2d d:/cypress/psoc creator/4.4/psoc creator/import/gnu/arm/5.4.1/bin/../lib/gcc/arm-none-eabi/5.4.1/../../../../arm-none-eabi/lib/armv7-m\libg_nano.a(lib_a-nano-freer.o)
 .ARM.attributes
                0x000008a3       0x2d d:/cypress/psoc creator/4.4/psoc creator/import/gnu/arm/5.4.1/bin/../lib/gcc/arm-none-eabi/5.4.1/../../../../arm-none-eabi/lib/armv7-m\libg_nano.a(lib_a-nano-mallocr.o)
 .ARM.attributes
                0x000008d0       0x2d d:/cypress/psoc creator/4.4/psoc creator/import/gnu/arm/5.4.1/bin/../lib/gcc/arm-none-eabi/5.4.1/../../../../arm-none-eabi/lib/armv7-m\libg_nano.a(lib_a-nano-svfprintf.o)
 .ARM.attributes
                0x000008fd       0x2d d:/cypress/psoc creator/4.4/psoc creator/import/gnu/arm/5.4.1/bin/../lib/gcc/arm-none-eabi/5.4.1/../../../../arm-none-eabi/lib/armv7-m\libg_nano.a(lib_a-nano-vfprintf_i.o)
 .ARM.attributes
                0x0000092a       0x2d d:/cypress/psoc creator/4.4/psoc creator/import/gnu/arm/5.4.1/bin/../lib/gcc/arm-none-eabi/5.4.1/../../../../arm-none-eabi/lib/armv7-m\libg_nano.a(lib_a-sbrkr.o)
 .ARM.attributes
                0x00000957       0x2d d:/cypress/psoc creator/4.4/psoc creator/import/gnu/arm/5.4.1/bin/../lib/gcc/arm-none-eabi/5.4.1/../../../../arm-none-eabi/lib/armv7-m\libg_nano.a(lib_a-memchr-stub.o)
 .ARM.attributes
                0x00000984       0x2d d:/cypress/psoc creator/4.4/psoc creator/import/gnu/arm/5.4.1/bin/../lib/gcc/arm-none-eabi/5.4.1/../../../../arm-none-eabi/lib/armv7-m\libg_nano.a(lib_a-memmove.o)
 .ARM.attributes
                0x000009b1       0x2d d:/cypress/psoc creator/4.4/psoc creator/import/gnu/arm/5.4.1/bin/../lib/gcc/arm-none-eabi/5.4.1/../../../../arm-none-eabi/lib/armv7-m\libg_nano.a(lib_a-mlock.o)
 .ARM.attributes
                0x000009de       0x2d d:/cypress/psoc creator/4.4/psoc creator/import/gnu/arm/5.4.1/bin/../lib/gcc/arm-none-eabi/5.4.1/../../../../arm-none-eabi/lib/armv7-m\libg_nano.a(lib_a-nano-reallocr.o)
 .ARM.attributes
                0x00000a0b       0x2d d:/cypress/psoc creator/4.4/psoc creator/import/gnu/arm/5.4.1/bin/../lib/gcc/arm-none-eabi/5.4.1/../../../../arm-none-eabi/lib/armv7-m\libg_nano.a(lib_a-reent.o)
 .ARM.attributes
                0x00000a38       0x2d d:/cypress/psoc creator/4.4/psoc creator/import/gnu/arm/5.4.1/bin/../lib/gcc/arm-none-eabi/5.4.1/../../../../arm-none-eabi/lib/armv7-m\libg_nano.a(lib_a-nano-msizer.o)
 .ARM.attributes
                0x00000a65       0x2d d:/cypress/psoc creator/4.4/psoc creator/import/gnu/arm/5.4.1/bin/../lib/gcc/arm-none-eabi/5.4.1/armv7-m/crtend.o
 .ARM.attributes
                0x00000a92       0x1d d:/cypress/psoc creator/4.4/psoc creator/import/gnu/arm/5.4.1/bin/../lib/gcc/arm-none-eabi/5.4.1/armv7-m/crtn.o

/DISCARD/
 *(.note.GNU-stack)
OUTPUT(C:\Users\Dias\Documents\PSoC Creator\TA-Dias\TA-DIas\PSoC_Dias_v1.cydsn\CortexM3\ARM_GCC_541\Debug\PSoC_Dias_v1.elf elf32-littlearm)
